Archive member included to satisfy reference by file (symbol)

../smart_clock_bsp/\libhal_bsp.a(alt_iic.o)
                              obj/default/hello_world_small.o (alt_ic_isr_register)
../smart_clock_bsp/\libhal_bsp.a(alt_iic_isr_register.o)
                              ../smart_clock_bsp/\libhal_bsp.a(alt_iic.o) (alt_iic_isr_register)
../smart_clock_bsp/\libhal_bsp.a(alt_irq_entry.o)
                              ../smart_clock_bsp/\libhal_bsp.a(alt_iic_isr_register.o) (alt_irq_entry)
../smart_clock_bsp/\libhal_bsp.a(alt_irq_handler.o)
                              ../smart_clock_bsp/\libhal_bsp.a(alt_iic_isr_register.o) (alt_irq_handler)
../smart_clock_bsp/\libhal_bsp.a(alt_irq_vars.o)
                              ../smart_clock_bsp/\libhal_bsp.a(alt_iic.o) (alt_irq_active)
../smart_clock_bsp/\libhal_bsp.a(alt_load.o)
                              ../smart_clock_bsp//obj/HAL/src/crt0.o (alt_load)
../smart_clock_bsp/\libhal_bsp.a(alt_main.o)
                              ../smart_clock_bsp//obj/HAL/src/crt0.o (alt_main)
../smart_clock_bsp/\libhal_bsp.a(alt_printf.o)
                              obj/default/hello_world_small.o (alt_printf)
../smart_clock_bsp/\libhal_bsp.a(alt_putchar.o)
                              ../smart_clock_bsp/\libhal_bsp.a(alt_printf.o) (alt_putchar)
../smart_clock_bsp/\libhal_bsp.a(alt_putstr.o)
                              obj/default/hello_world_small.o (alt_putstr)
../smart_clock_bsp/\libhal_bsp.a(alt_sys_init.o)
                              ../smart_clock_bsp/\libhal_bsp.a(alt_main.o) (alt_irq_init)
../smart_clock_bsp/\libhal_bsp.a(altera_avalon_jtag_uart_write.o)
                              ../smart_clock_bsp/\libhal_bsp.a(alt_putchar.o) (altera_avalon_jtag_uart_write)
../smart_clock_bsp/\libhal_bsp.a(alt_dcache_flush_all.o)
                              ../smart_clock_bsp/\libhal_bsp.a(alt_load.o) (alt_dcache_flush_all)
../smart_clock_bsp/\libhal_bsp.a(alt_exception_entry.o)
                              ../smart_clock_bsp/\libhal_bsp.a(alt_irq_entry.o) (alt_exception)
../smart_clock_bsp/\libhal_bsp.a(alt_icache_flush_all.o)
                              ../smart_clock_bsp/\libhal_bsp.a(alt_load.o) (alt_icache_flush_all)
../smart_clock_bsp/\libhal_bsp.a(alt_instruction_exception_entry.o)
                              ../smart_clock_bsp/\libhal_bsp.a(alt_exception_entry.o) (alt_instruction_exception_entry)
../smart_clock_bsp/\libhal_bsp.a(altera_nios2_gen2_irq.o)
                              ../smart_clock_bsp/\libhal_bsp.a(alt_sys_init.o) (altera_nios2_gen2_irq_init)
d:/intelfpga_lite/18.1/nios2eds/bin/gnu/h-x86_64-mingw32/bin/../lib/gcc/nios2-elf/5.3.0/../../../../../H-x86_64-mingw32/nios2-elf/lib/mno-hw-mul\libsmallc.a(lib_a-strlen.o)
                              ../smart_clock_bsp/\libhal_bsp.a(alt_putstr.o) (strlen)

Allocating common symbols
Common symbol       size              file

alt_irq             0x100             ../smart_clock_bsp/\libhal_bsp.a(alt_irq_handler.o)

Memory Configuration

Name             Origin             Length             Attributes
reset            0x0000000000002000 0x0000000000000020
RAM              0x0000000000002020 0x0000000000001fe0
*default*        0x0000000000000000 0xffffffffffffffff

Linker script and memory map

LOAD ../smart_clock_bsp//obj/HAL/src/crt0.o
LOAD obj/default/hello_world_small.o
LOAD d:/intelfpga_lite/18.1/nios2eds/bin/gnu/h-x86_64-mingw32/bin/../lib/gcc/nios2-elf/5.3.0/../../../../../H-x86_64-mingw32/nios2-elf/lib/mno-hw-mul\libstdc++.a
LOAD d:/intelfpga_lite/18.1/nios2eds/bin/gnu/h-x86_64-mingw32/bin/../lib/gcc/nios2-elf/5.3.0/../../../../../H-x86_64-mingw32/nios2-elf/lib/mno-hw-mul\libm.a
LOAD d:/intelfpga_lite/18.1/nios2eds/bin/gnu/h-x86_64-mingw32/bin/../lib/gcc/nios2-elf/5.3.0/mno-hw-mul\libgcc.a
START GROUP
LOAD d:/intelfpga_lite/18.1/nios2eds/bin/gnu/h-x86_64-mingw32/bin/../lib/gcc/nios2-elf/5.3.0/../../../../../H-x86_64-mingw32/nios2-elf/lib/mno-hw-mul\libsmallc.a
LOAD d:/intelfpga_lite/18.1/nios2eds/bin/gnu/h-x86_64-mingw32/bin/../lib/gcc/nios2-elf/5.3.0/mno-hw-mul\libgcc.a
LOAD ../smart_clock_bsp/\libhal_bsp.a
LOAD d:/intelfpga_lite/18.1/nios2eds/bin/gnu/h-x86_64-mingw32/bin/../lib/gcc/nios2-elf/5.3.0/../../../../../H-x86_64-mingw32/nios2-elf/lib/mno-hw-mul\libm.a
END GROUP
LOAD d:/intelfpga_lite/18.1/nios2eds/bin/gnu/h-x86_64-mingw32/bin/../lib/gcc/nios2-elf/5.3.0/mno-hw-mul\libgcc.a
                0x0000000000002000                __alt_mem_RAM = 0x2000

.entry          0x0000000000002000       0x20
 *(.entry)
 .entry         0x0000000000002000       0x20 ../smart_clock_bsp//obj/HAL/src/crt0.o
                0x0000000000002000                __reset
                0x000000000000200c                _exit

.exceptions     0x0000000000002020      0x160
                0x0000000000002020                PROVIDE (__ram_exceptions_start, ABSOLUTE (.))
                0x0000000000002020                . = ALIGN (0x20)
 *(.irq)
 *(.exceptions.entry.label)
 .exceptions.entry.label
                0x0000000000002020        0x0 ../smart_clock_bsp/\libhal_bsp.a(alt_irq_entry.o)
                0x0000000000002020                alt_irq_entry
 .exceptions.entry.label
                0x0000000000002020        0x0 ../smart_clock_bsp/\libhal_bsp.a(alt_exception_entry.o)
                0x0000000000002020                alt_exception
 *(.exceptions.entry.user)
 *(.exceptions.entry.ecc_fatal)
 *(.exceptions.entry)
 .exceptions.entry
                0x0000000000002020       0x54 ../smart_clock_bsp/\libhal_bsp.a(alt_exception_entry.o)
 *(.exceptions.irqtest.user)
 *(.exceptions.irqtest)
 .exceptions.irqtest
                0x0000000000002074       0x10 ../smart_clock_bsp/\libhal_bsp.a(alt_irq_entry.o)
 *(.exceptions.irqhandler.user)
 *(.exceptions.irqhandler)
 .exceptions.irqhandler
                0x0000000000002084        0x4 ../smart_clock_bsp/\libhal_bsp.a(alt_irq_entry.o)
 *(.exceptions.irqreturn.user)
 *(.exceptions.irqreturn)
 .exceptions.irqreturn
                0x0000000000002088        0x4 ../smart_clock_bsp/\libhal_bsp.a(alt_irq_entry.o)
 *(.exceptions.notirq.label)
 .exceptions.notirq.label
                0x000000000000208c        0x0 ../smart_clock_bsp/\libhal_bsp.a(alt_irq_entry.o)
 *(.exceptions.notirq.user)
 *(.exceptions.notirq)
 .exceptions.notirq
                0x000000000000208c        0x8 ../smart_clock_bsp/\libhal_bsp.a(alt_exception_entry.o)
 *(.exceptions.soft.user)
 *(.exceptions.soft)
 *(.exceptions.unknown.user)
 *(.exceptions.unknown)
 .exceptions.unknown
                0x0000000000002094       0x14 ../smart_clock_bsp/\libhal_bsp.a(alt_exception_entry.o)
 *(.exceptions.exit.label)
 .exceptions.exit.label
                0x00000000000020a8        0x0 ../smart_clock_bsp/\libhal_bsp.a(alt_irq_entry.o)
 .exceptions.exit.label
                0x00000000000020a8        0x0 ../smart_clock_bsp/\libhal_bsp.a(alt_exception_entry.o)
 *(.exceptions.exit.user)
 *(.exceptions.exit)
 .exceptions.exit
                0x00000000000020a8       0x54 ../smart_clock_bsp/\libhal_bsp.a(alt_exception_entry.o)
 *(.exceptions)
 .exceptions    0x00000000000020fc       0x60 ../smart_clock_bsp/\libhal_bsp.a(alt_irq_handler.o)
                0x00000000000020fc                alt_irq_handler
 .exceptions    0x000000000000215c       0x24 ../smart_clock_bsp/\libhal_bsp.a(alt_instruction_exception_entry.o)
                0x000000000000215c                alt_instruction_exception_entry
                0x0000000000002180                PROVIDE (__ram_exceptions_end, ABSOLUTE (.))
                0x0000000000002020                PROVIDE (__flash_exceptions_start, LOADADDR (.exceptions))

.text           0x0000000000002180      0x99c
                [!provide]                        PROVIDE (stext, ABSOLUTE (.))
 *(.interp)
 *(.hash)
 *(.dynsym)
 *(.dynstr)
 *(.gnu.version)
 *(.gnu.version_d)
 *(.gnu.version_r)
 *(.rel.init)
 *(.rela.init)
 *(.rel.text .rel.text.* .rel.gnu.linkonce.t.*)
 *(.rela.text .rela.text.* .rela.gnu.linkonce.t.*)
 *(.rel.fini)
 *(.rela.fini)
 *(.rel.rodata .rel.rodata.* .rel.gnu.linkonce.r.*)
 *(.rela.rodata .rela.rodata.* .rela.gnu.linkonce.r.*)
 *(.rel.data .rel.data.* .rel.gnu.linkonce.d.*)
 *(.rela.data .rela.data.* .rela.gnu.linkonce.d.*)
 *(.rel.tdata .rel.tdata.* .rel.gnu.linkonce.td.*)
 *(.rela.tdata .rela.tdata.* .rela.gnu.linkonce.td.*)
 *(.rel.tbss .rel.tbss.* .rel.gnu.linkonce.tb.*)
 *(.rela.tbss .rela.tbss.* .rela.gnu.linkonce.tb.*)
 *(.rel.ctors)
 *(.rela.ctors)
 *(.rel.dtors)
 *(.rela.dtors)
 *(.rel.got)
 *(.rela.got)
 *(.rel.sdata .rel.sdata.* .rel.gnu.linkonce.s.*)
 *(.rela.sdata .rela.sdata.* .rela.gnu.linkonce.s.*)
 *(.rel.sbss .rel.sbss.* .rel.gnu.linkonce.sb.*)
 *(.rela.sbss .rela.sbss.* .rela.gnu.linkonce.sb.*)
 *(.rel.sdata2 .rel.sdata2.* .rel.gnu.linkonce.s2.*)
 *(.rela.sdata2 .rela.sdata2.* .rela.gnu.linkonce.s2.*)
 *(.rel.sbss2 .rel.sbss2.* .rel.gnu.linkonce.sb2.*)
 *(.rela.sbss2 .rela.sbss2.* .rela.gnu.linkonce.sb2.*)
 *(.rel.bss .rel.bss.* .rel.gnu.linkonce.b.*)
 *(.rela.bss .rela.bss.* .rela.gnu.linkonce.b.*)
 *(.rel.plt)
 *(.rela.plt)
 *(.rel.dyn)
 *(.init)
 *(.plt)
 *(.text .stub .text.* .gnu.linkonce.t.*)
 .text          0x0000000000002180       0x3c ../smart_clock_bsp//obj/HAL/src/crt0.o
                0x0000000000002180                _start
 .text          0x00000000000021bc      0x3d4 obj/default/hello_world_small.o
                0x00000000000021bc                timer_setup
                0x0000000000002210                minutos
                0x000000000000224c                minutosAl
                0x0000000000002288                segundos
                0x00000000000022a8                horas
                0x00000000000022e8                counter
                0x00000000000023a4                horasAl
                0x00000000000023e4                io_button
                0x0000000000002528                io_button_setup
 .text.startup  0x0000000000002590       0xa4 obj/default/hello_world_small.o
                0x0000000000002590                main
 .text          0x0000000000002634       0x8c ../smart_clock_bsp/\libhal_bsp.a(alt_iic.o)
                0x0000000000002634                alt_ic_isr_register
                0x0000000000002638                alt_ic_irq_enable
                0x0000000000002670                alt_ic_irq_disable
                0x00000000000026a8                alt_ic_irq_enabled
 .text          0x00000000000026c0       0x68 ../smart_clock_bsp/\libhal_bsp.a(alt_iic_isr_register.o)
                0x00000000000026c0                alt_iic_isr_register
 .text          0x0000000000002728        0x0 ../smart_clock_bsp/\libhal_bsp.a(alt_irq_entry.o)
 .text          0x0000000000002728        0x0 ../smart_clock_bsp/\libhal_bsp.a(alt_irq_handler.o)
 .text          0x0000000000002728        0x0 ../smart_clock_bsp/\libhal_bsp.a(alt_irq_vars.o)
 .text          0x0000000000002728       0xe0 ../smart_clock_bsp/\libhal_bsp.a(alt_load.o)
                0x0000000000002728                alt_load
 .text          0x0000000000002808       0x2c ../smart_clock_bsp/\libhal_bsp.a(alt_main.o)
                0x0000000000002808                alt_main
 .text          0x0000000000002834      0x170 ../smart_clock_bsp/\libhal_bsp.a(alt_printf.o)
                0x0000000000002834                alt_printf
 .text          0x00000000000029a4       0x48 ../smart_clock_bsp/\libhal_bsp.a(alt_putchar.o)
                0x00000000000029a4                alt_putchar
 .text          0x00000000000029ec       0x38 ../smart_clock_bsp/\libhal_bsp.a(alt_putstr.o)
                0x00000000000029ec                alt_putstr
 .text          0x0000000000002a24       0x24 ../smart_clock_bsp/\libhal_bsp.a(alt_sys_init.o)
                0x0000000000002a24                alt_irq_init
                0x0000000000002a44                alt_sys_init
 .text          0x0000000000002a48       0x34 ../smart_clock_bsp/\libhal_bsp.a(altera_avalon_jtag_uart_write.o)
                0x0000000000002a48                altera_avalon_jtag_uart_write
 .text          0x0000000000002a7c        0x4 ../smart_clock_bsp/\libhal_bsp.a(alt_dcache_flush_all.o)
                0x0000000000002a7c                alt_dcache_flush_all
 .text          0x0000000000002a80        0x0 ../smart_clock_bsp/\libhal_bsp.a(alt_exception_entry.o)
 .text          0x0000000000002a80        0x4 ../smart_clock_bsp/\libhal_bsp.a(alt_icache_flush_all.o)
                0x0000000000002a80                alt_icache_flush_all
 .text          0x0000000000002a84       0x74 ../smart_clock_bsp/\libhal_bsp.a(alt_instruction_exception_entry.o)
                0x0000000000002a84                alt_exception_cause_generated_bad_addr
 .text          0x0000000000002af8        0x8 ../smart_clock_bsp/\libhal_bsp.a(altera_nios2_gen2_irq.o)
                0x0000000000002af8                altera_nios2_gen2_irq_init
 .text          0x0000000000002b00        0x0 d:/intelfpga_lite/18.1/nios2eds/bin/gnu/h-x86_64-mingw32/bin/../lib/gcc/nios2-elf/5.3.0/../../../../../H-x86_64-mingw32/nios2-elf/lib/mno-hw-mul\libsmallc.a(lib_a-strlen.o)
 .text.strlen   0x0000000000002b00       0x1c d:/intelfpga_lite/18.1/nios2eds/bin/gnu/h-x86_64-mingw32/bin/../lib/gcc/nios2-elf/5.3.0/../../../../../H-x86_64-mingw32/nios2-elf/lib/mno-hw-mul\libsmallc.a(lib_a-strlen.o)
                0x0000000000002b00                strlen
 *(.gnu.warning.*)
 *(.fini)
                [!provide]                        PROVIDE (__etext, ABSOLUTE (.))
                [!provide]                        PROVIDE (_etext, ABSOLUTE (.))
                [!provide]                        PROVIDE (etext, ABSOLUTE (.))
 *(.eh_frame_hdr)
                0x0000000000002b1c                . = ALIGN (0x4)
                [!provide]                        PROVIDE (__preinit_array_start, ABSOLUTE (.))
 *(.preinit_array)
                [!provide]                        PROVIDE (__preinit_array_end, ABSOLUTE (.))
                [!provide]                        PROVIDE (__init_array_start, ABSOLUTE (.))
 *(.init_array)
                [!provide]                        PROVIDE (__init_array_end, ABSOLUTE (.))
                [!provide]                        PROVIDE (__fini_array_start, ABSOLUTE (.))
 *(.fini_array)
                [!provide]                        PROVIDE (__fini_array_end, ABSOLUTE (.))
 *(.eh_frame)
 *(.gcc_except_table .gcc_except_table.*)
 *(.dynamic)
                [!provide]                        PROVIDE (__CTOR_LIST__, ABSOLUTE (.))
 *(.ctors)
 *(SORT(.ctors.*))
                [!provide]                        PROVIDE (__CTOR_END__, ABSOLUTE (.))
                [!provide]                        PROVIDE (__DTOR_LIST__, ABSOLUTE (.))
 *(.dtors)
 *(SORT(.dtors.*))
                [!provide]                        PROVIDE (__DTOR_END__, ABSOLUTE (.))
 *(.jcr)
                0x0000000000002b1c                . = ALIGN (0x4)

.rodata         0x0000000000002b1c       0x78
                0x0000000000002b1c                PROVIDE (__ram_rodata_start, ABSOLUTE (.))
                0x0000000000002b1c                . = ALIGN (0x4)
 *(.rodata .rodata.* .gnu.linkonce.r.*)
 .rodata.str1.4
                0x0000000000002b1c       0x78 obj/default/hello_world_small.o
                                         0x77 (size before relaxing)
 *(.rodata1)
                0x0000000000002b94                . = ALIGN (0x4)
                0x0000000000002b94                PROVIDE (__ram_rodata_end, ABSOLUTE (.))
                0x0000000000002b1c                PROVIDE (__flash_rodata_start, LOADADDR (.rodata))

.rwdata         0x0000000000002b94       0x30 load address 0x0000000000002bc4
                0x0000000000002b94                PROVIDE (__ram_rwdata_start, ABSOLUTE (.))
                0x0000000000002b94                . = ALIGN (0x4)
 *(.got.plt)
 *(.got)
 *(.data1)
 *(.data .data.* .gnu.linkonce.d.*)
 .data          0x0000000000002b94        0x0 ../smart_clock_bsp//obj/HAL/src/crt0.o
 .data          0x0000000000002b94        0x0 obj/default/hello_world_small.o
 .data          0x0000000000002b94        0x0 ../smart_clock_bsp/\libhal_bsp.a(alt_iic.o)
 .data          0x0000000000002b94        0x0 ../smart_clock_bsp/\libhal_bsp.a(alt_iic_isr_register.o)
 .data          0x0000000000002b94        0x0 ../smart_clock_bsp/\libhal_bsp.a(alt_irq_entry.o)
 .data          0x0000000000002b94        0x0 ../smart_clock_bsp/\libhal_bsp.a(alt_irq_handler.o)
 .data          0x0000000000002b94        0x0 ../smart_clock_bsp/\libhal_bsp.a(alt_irq_vars.o)
 .data          0x0000000000002b94        0x0 ../smart_clock_bsp/\libhal_bsp.a(alt_load.o)
 .data          0x0000000000002b94        0x0 ../smart_clock_bsp/\libhal_bsp.a(alt_main.o)
 .data          0x0000000000002b94        0x0 ../smart_clock_bsp/\libhal_bsp.a(alt_printf.o)
 .data          0x0000000000002b94        0x0 ../smart_clock_bsp/\libhal_bsp.a(alt_putchar.o)
 .data          0x0000000000002b94        0x0 ../smart_clock_bsp/\libhal_bsp.a(alt_putstr.o)
 .data          0x0000000000002b94        0x0 ../smart_clock_bsp/\libhal_bsp.a(alt_sys_init.o)
 .data          0x0000000000002b94        0x0 ../smart_clock_bsp/\libhal_bsp.a(altera_avalon_jtag_uart_write.o)
 .data          0x0000000000002b94        0x0 ../smart_clock_bsp/\libhal_bsp.a(alt_dcache_flush_all.o)
 .data          0x0000000000002b94        0x0 ../smart_clock_bsp/\libhal_bsp.a(alt_exception_entry.o)
 .data          0x0000000000002b94        0x0 ../smart_clock_bsp/\libhal_bsp.a(alt_icache_flush_all.o)
 .data          0x0000000000002b94        0x0 ../smart_clock_bsp/\libhal_bsp.a(alt_instruction_exception_entry.o)
 .data          0x0000000000002b94        0x0 ../smart_clock_bsp/\libhal_bsp.a(altera_nios2_gen2_irq.o)
 .data          0x0000000000002b94        0x0 d:/intelfpga_lite/18.1/nios2eds/bin/gnu/h-x86_64-mingw32/bin/../lib/gcc/nios2-elf/5.3.0/../../../../../H-x86_64-mingw32/nios2-elf/lib/mno-hw-mul\libsmallc.a(lib_a-strlen.o)
                0x000000000000ab94                _gp = ABSOLUTE ((. + 0x8000))
                [!provide]                        PROVIDE (gp, _gp)
 *(.rwdata .rwdata.*)
 *(.sdata .sdata.* .gnu.linkonce.s.*)
 .sdata         0x0000000000002b94       0x28 obj/default/hello_world_small.o
                0x0000000000002b94                horasD
                0x0000000000002b98                horasU
                0x0000000000002b9c                minutosD
                0x0000000000002ba0                minutosU
                0x0000000000002ba4                out
                0x0000000000002ba8                timer_control
                0x0000000000002bac                timer_status
                0x0000000000002bb0                btn_data
                0x0000000000002bb4                btn_edge
                0x0000000000002bb8                btn_irq
 .sdata         0x0000000000002bbc        0x4 ../smart_clock_bsp/\libhal_bsp.a(alt_irq_vars.o)
                0x0000000000002bbc                alt_priority_mask
 .sdata         0x0000000000002bc0        0x4 ../smart_clock_bsp/\libhal_bsp.a(alt_sys_init.o)
                0x0000000000002bc0                UART
 *(.sdata2 .sdata2.* .gnu.linkonce.s2.*)
                0x0000000000002bc4                . = ALIGN (0x4)
                0x0000000000002bc4                _edata = ABSOLUTE (.)
                [!provide]                        PROVIDE (edata, ABSOLUTE (.))
                0x0000000000002bc4                PROVIDE (__ram_rwdata_end, ABSOLUTE (.))
                0x0000000000002bc4                PROVIDE (__flash_rwdata_start, LOADADDR (.rwdata))

.bss            0x0000000000002bf4      0x138
                0x0000000000002bf4                __bss_start = ABSOLUTE (.)
                [!provide]                        PROVIDE (__sbss_start, ABSOLUTE (.))
                [!provide]                        PROVIDE (___sbss_start, ABSOLUTE (.))
 *(.dynsbss)
 *(.sbss .sbss.* .gnu.linkonce.sb.*)
 .sbss          0x0000000000002bf4       0x24 obj/default/hello_world_small.o
                0x0000000000002bf4                alarm_stat
                0x0000000000002bf8                mode
                0x0000000000002bfc                alarmaHorD
                0x0000000000002c00                alarmaHorU
                0x0000000000002c04                alarmaMinD
                0x0000000000002c08                alarmaMinU
                0x0000000000002c0c                segundosU
                0x0000000000002c10                segundosD
                0x0000000000002c14                edge_val
 .sbss          0x0000000000002c18        0x4 ../smart_clock_bsp/\libhal_bsp.a(alt_irq_vars.o)
                0x0000000000002c18                alt_irq_active
 .sbss          0x0000000000002c1c        0xc ../smart_clock_bsp/\libhal_bsp.a(alt_main.o)
                0x0000000000002c1c                alt_envp
                0x0000000000002c20                alt_argv
                0x0000000000002c24                alt_argc
 .sbss          0x0000000000002c28        0x4 ../smart_clock_bsp/\libhal_bsp.a(alt_instruction_exception_entry.o)
                0x0000000000002c28                alt_instruction_exception_handler
 *(.sbss2 .sbss2.* .gnu.linkonce.sb2.*)
 *(.scommon)
                [!provide]                        PROVIDE (__sbss_end, ABSOLUTE (.))
                [!provide]                        PROVIDE (___sbss_end, ABSOLUTE (.))
 *(.dynbss)
 *(.bss .bss.* .gnu.linkonce.b.*)
 .bss           0x0000000000002c2c        0x0 ../smart_clock_bsp//obj/HAL/src/crt0.o
 .bss           0x0000000000002c2c        0x0 obj/default/hello_world_small.o
 .bss           0x0000000000002c2c        0x0 ../smart_clock_bsp/\libhal_bsp.a(alt_iic.o)
 .bss           0x0000000000002c2c        0x0 ../smart_clock_bsp/\libhal_bsp.a(alt_iic_isr_register.o)
 .bss           0x0000000000002c2c        0x0 ../smart_clock_bsp/\libhal_bsp.a(alt_irq_entry.o)
 .bss           0x0000000000002c2c        0x0 ../smart_clock_bsp/\libhal_bsp.a(alt_irq_handler.o)
 .bss           0x0000000000002c2c        0x0 ../smart_clock_bsp/\libhal_bsp.a(alt_irq_vars.o)
 .bss           0x0000000000002c2c        0x0 ../smart_clock_bsp/\libhal_bsp.a(alt_load.o)
 .bss           0x0000000000002c2c        0x0 ../smart_clock_bsp/\libhal_bsp.a(alt_main.o)
 .bss           0x0000000000002c2c        0x0 ../smart_clock_bsp/\libhal_bsp.a(alt_printf.o)
 .bss           0x0000000000002c2c        0x0 ../smart_clock_bsp/\libhal_bsp.a(alt_putchar.o)
 .bss           0x0000000000002c2c        0x0 ../smart_clock_bsp/\libhal_bsp.a(alt_putstr.o)
 .bss           0x0000000000002c2c        0x0 ../smart_clock_bsp/\libhal_bsp.a(alt_sys_init.o)
 .bss           0x0000000000002c2c        0x0 ../smart_clock_bsp/\libhal_bsp.a(altera_avalon_jtag_uart_write.o)
 .bss           0x0000000000002c2c        0x0 ../smart_clock_bsp/\libhal_bsp.a(alt_dcache_flush_all.o)
 .bss           0x0000000000002c2c        0x0 ../smart_clock_bsp/\libhal_bsp.a(alt_exception_entry.o)
 .bss           0x0000000000002c2c        0x0 ../smart_clock_bsp/\libhal_bsp.a(alt_icache_flush_all.o)
 .bss           0x0000000000002c2c        0x0 ../smart_clock_bsp/\libhal_bsp.a(alt_instruction_exception_entry.o)
 .bss           0x0000000000002c2c        0x0 ../smart_clock_bsp/\libhal_bsp.a(altera_nios2_gen2_irq.o)
 .bss           0x0000000000002c2c        0x0 d:/intelfpga_lite/18.1/nios2eds/bin/gnu/h-x86_64-mingw32/bin/../lib/gcc/nios2-elf/5.3.0/../../../../../H-x86_64-mingw32/nios2-elf/lib/mno-hw-mul\libsmallc.a(lib_a-strlen.o)
 *(COMMON)
 COMMON         0x0000000000002c2c      0x100 ../smart_clock_bsp/\libhal_bsp.a(alt_irq_handler.o)
                0x0000000000002c2c                alt_irq
                0x0000000000002d2c                . = ALIGN (0x4)
                0x0000000000002d2c                __bss_end = ABSOLUTE (.)

.RAM            0x0000000000002d2c        0x0
                [!provide]                        PROVIDE (_alt_partition_RAM_start, ABSOLUTE (.))
 *(.RAM .RAM. RAM.*)
                0x0000000000002d2c                . = ALIGN (0x4)
                [!provide]                        PROVIDE (_alt_partition_RAM_end, ABSOLUTE (.))
                0x0000000000002d2c                _end = ABSOLUTE (.)
                0x0000000000002d2c                end = ABSOLUTE (.)
                0x0000000000002d2c                __alt_stack_base = ABSOLUTE (.)
                [!provide]                        PROVIDE (_alt_partition_RAM_load_addr, LOADADDR (.RAM))

.stab
 *(.stab)

.stabstr
 *(.stabstr)

.stab.excl
 *(.stab.excl)

.stab.exclstr
 *(.stab.exclstr)

.stab.index
 *(.stab.index)

.stab.indexstr
 *(.stab.indexstr)

.comment        0x0000000000000000       0x23
 *(.comment)
 .comment       0x0000000000000000       0x23 obj/default/hello_world_small.o
                                         0x24 (size before relaxing)
 .comment       0x0000000000000023       0x24 ../smart_clock_bsp/\libhal_bsp.a(alt_iic.o)
 .comment       0x0000000000000023       0x24 ../smart_clock_bsp/\libhal_bsp.a(alt_iic_isr_register.o)
 .comment       0x0000000000000023       0x24 ../smart_clock_bsp/\libhal_bsp.a(alt_irq_handler.o)
 .comment       0x0000000000000023       0x24 ../smart_clock_bsp/\libhal_bsp.a(alt_irq_vars.o)
 .comment       0x0000000000000023       0x24 ../smart_clock_bsp/\libhal_bsp.a(alt_load.o)
 .comment       0x0000000000000023       0x24 ../smart_clock_bsp/\libhal_bsp.a(alt_main.o)
 .comment       0x0000000000000023       0x24 ../smart_clock_bsp/\libhal_bsp.a(alt_printf.o)
 .comment       0x0000000000000023       0x24 ../smart_clock_bsp/\libhal_bsp.a(alt_putchar.o)
 .comment       0x0000000000000023       0x24 ../smart_clock_bsp/\libhal_bsp.a(alt_putstr.o)
 .comment       0x0000000000000023       0x24 ../smart_clock_bsp/\libhal_bsp.a(alt_sys_init.o)
 .comment       0x0000000000000023       0x24 ../smart_clock_bsp/\libhal_bsp.a(altera_avalon_jtag_uart_write.o)
 .comment       0x0000000000000023       0x24 ../smart_clock_bsp/\libhal_bsp.a(alt_dcache_flush_all.o)
 .comment       0x0000000000000023       0x24 ../smart_clock_bsp/\libhal_bsp.a(alt_icache_flush_all.o)
 .comment       0x0000000000000023       0x24 ../smart_clock_bsp/\libhal_bsp.a(alt_instruction_exception_entry.o)
 .comment       0x0000000000000023       0x24 ../smart_clock_bsp/\libhal_bsp.a(altera_nios2_gen2_irq.o)
 .comment       0x0000000000000023       0x24 d:/intelfpga_lite/18.1/nios2eds/bin/gnu/h-x86_64-mingw32/bin/../lib/gcc/nios2-elf/5.3.0/../../../../../H-x86_64-mingw32/nios2-elf/lib/mno-hw-mul\libsmallc.a(lib_a-strlen.o)

.debug
 *(.debug)

.line
 *(.line)

.debug_srcinfo
 *(.debug_srcinfo)

.debug_sfnames
 *(.debug_sfnames)

.debug_aranges  0x0000000000000000      0x2b8
 *(.debug_aranges)
 .debug_aranges
                0x0000000000000000       0x28 ../smart_clock_bsp//obj/HAL/src/crt0.o
 .debug_aranges
                0x0000000000000028       0x28 obj/default/hello_world_small.o
 .debug_aranges
                0x0000000000000050       0x20 ../smart_clock_bsp/\libhal_bsp.a(alt_iic.o)
 .debug_aranges
                0x0000000000000070       0x20 ../smart_clock_bsp/\libhal_bsp.a(alt_iic_isr_register.o)
 .debug_aranges
                0x0000000000000090       0x30 ../smart_clock_bsp/\libhal_bsp.a(alt_irq_entry.o)
 .debug_aranges
                0x00000000000000c0       0x20 ../smart_clock_bsp/\libhal_bsp.a(alt_irq_handler.o)
 .debug_aranges
                0x00000000000000e0       0x18 ../smart_clock_bsp/\libhal_bsp.a(alt_irq_vars.o)
 .debug_aranges
                0x00000000000000f8       0x20 ../smart_clock_bsp/\libhal_bsp.a(alt_load.o)
 .debug_aranges
                0x0000000000000118       0x20 ../smart_clock_bsp/\libhal_bsp.a(alt_main.o)
 .debug_aranges
                0x0000000000000138       0x20 ../smart_clock_bsp/\libhal_bsp.a(alt_printf.o)
 .debug_aranges
                0x0000000000000158       0x20 ../smart_clock_bsp/\libhal_bsp.a(alt_putchar.o)
 .debug_aranges
                0x0000000000000178       0x20 ../smart_clock_bsp/\libhal_bsp.a(alt_putstr.o)
 .debug_aranges
                0x0000000000000198       0x20 ../smart_clock_bsp/\libhal_bsp.a(alt_sys_init.o)
 .debug_aranges
                0x00000000000001b8       0x20 ../smart_clock_bsp/\libhal_bsp.a(altera_avalon_jtag_uart_write.o)
 .debug_aranges
                0x00000000000001d8       0x20 ../smart_clock_bsp/\libhal_bsp.a(alt_dcache_flush_all.o)
 .debug_aranges
                0x00000000000001f8       0x38 ../smart_clock_bsp/\libhal_bsp.a(alt_exception_entry.o)
 .debug_aranges
                0x0000000000000230       0x20 ../smart_clock_bsp/\libhal_bsp.a(alt_icache_flush_all.o)
 .debug_aranges
                0x0000000000000250       0x28 ../smart_clock_bsp/\libhal_bsp.a(alt_instruction_exception_entry.o)
 .debug_aranges
                0x0000000000000278       0x20 ../smart_clock_bsp/\libhal_bsp.a(altera_nios2_gen2_irq.o)
 .debug_aranges
                0x0000000000000298       0x20 d:/intelfpga_lite/18.1/nios2eds/bin/gnu/h-x86_64-mingw32/bin/../lib/gcc/nios2-elf/5.3.0/../../../../../H-x86_64-mingw32/nios2-elf/lib/mno-hw-mul\libsmallc.a(lib_a-strlen.o)

.debug_pubnames
 *(.debug_pubnames)

.debug_info     0x0000000000000000     0x1c7b
 *(.debug_info .gnu.linkonce.wi.*)
 .debug_info    0x0000000000000000       0x71 ../smart_clock_bsp//obj/HAL/src/crt0.o
 .debug_info    0x0000000000000071      0x4b5 obj/default/hello_world_small.o
 .debug_info    0x0000000000000526      0x38a ../smart_clock_bsp/\libhal_bsp.a(alt_iic.o)
 .debug_info    0x00000000000008b0      0x232 ../smart_clock_bsp/\libhal_bsp.a(alt_iic_isr_register.o)
 .debug_info    0x0000000000000ae2       0x7a ../smart_clock_bsp/\libhal_bsp.a(alt_irq_entry.o)
 .debug_info    0x0000000000000b5c      0x184 ../smart_clock_bsp/\libhal_bsp.a(alt_irq_handler.o)
 .debug_info    0x0000000000000ce0       0x88 ../smart_clock_bsp/\libhal_bsp.a(alt_irq_vars.o)
 .debug_info    0x0000000000000d68      0x1c9 ../smart_clock_bsp/\libhal_bsp.a(alt_load.o)
 .debug_info    0x0000000000000f31      0x169 ../smart_clock_bsp/\libhal_bsp.a(alt_main.o)
 .debug_info    0x000000000000109a      0x14d ../smart_clock_bsp/\libhal_bsp.a(alt_printf.o)
 .debug_info    0x00000000000011e7      0x12a ../smart_clock_bsp/\libhal_bsp.a(alt_putchar.o)
 .debug_info    0x0000000000001311      0x13a ../smart_clock_bsp/\libhal_bsp.a(alt_putstr.o)
 .debug_info    0x000000000000144b      0x19d ../smart_clock_bsp/\libhal_bsp.a(alt_sys_init.o)
 .debug_info    0x00000000000015e8      0x197 ../smart_clock_bsp/\libhal_bsp.a(altera_avalon_jtag_uart_write.o)
 .debug_info    0x000000000000177f       0x92 ../smart_clock_bsp/\libhal_bsp.a(alt_dcache_flush_all.o)
 .debug_info    0x0000000000001811       0x80 ../smart_clock_bsp/\libhal_bsp.a(alt_exception_entry.o)
 .debug_info    0x0000000000001891       0x92 ../smart_clock_bsp/\libhal_bsp.a(alt_icache_flush_all.o)
 .debug_info    0x0000000000001923      0x1fd ../smart_clock_bsp/\libhal_bsp.a(alt_instruction_exception_entry.o)
 .debug_info    0x0000000000001b20       0x92 ../smart_clock_bsp/\libhal_bsp.a(altera_nios2_gen2_irq.o)
 .debug_info    0x0000000000001bb2       0xc9 d:/intelfpga_lite/18.1/nios2eds/bin/gnu/h-x86_64-mingw32/bin/../lib/gcc/nios2-elf/5.3.0/../../../../../H-x86_64-mingw32/nios2-elf/lib/mno-hw-mul\libsmallc.a(lib_a-strlen.o)

.debug_abbrev   0x0000000000000000      0xe72
 *(.debug_abbrev)
 .debug_abbrev  0x0000000000000000       0x12 ../smart_clock_bsp//obj/HAL/src/crt0.o
 .debug_abbrev  0x0000000000000012      0x151 obj/default/hello_world_small.o
 .debug_abbrev  0x0000000000000163      0x1a0 ../smart_clock_bsp/\libhal_bsp.a(alt_iic.o)
 .debug_abbrev  0x0000000000000303      0x19c ../smart_clock_bsp/\libhal_bsp.a(alt_iic_isr_register.o)
 .debug_abbrev  0x000000000000049f       0x12 ../smart_clock_bsp/\libhal_bsp.a(alt_irq_entry.o)
 .debug_abbrev  0x00000000000004b1      0x120 ../smart_clock_bsp/\libhal_bsp.a(alt_irq_handler.o)
 .debug_abbrev  0x00000000000005d1       0x40 ../smart_clock_bsp/\libhal_bsp.a(alt_irq_vars.o)
 .debug_abbrev  0x0000000000000611       0xd8 ../smart_clock_bsp/\libhal_bsp.a(alt_load.o)
 .debug_abbrev  0x00000000000006e9       0xee ../smart_clock_bsp/\libhal_bsp.a(alt_main.o)
 .debug_abbrev  0x00000000000007d7       0xd5 ../smart_clock_bsp/\libhal_bsp.a(alt_printf.o)
 .debug_abbrev  0x00000000000008ac       0xd2 ../smart_clock_bsp/\libhal_bsp.a(alt_putchar.o)
 .debug_abbrev  0x000000000000097e       0xd3 ../smart_clock_bsp/\libhal_bsp.a(alt_putstr.o)
 .debug_abbrev  0x0000000000000a51      0x10e ../smart_clock_bsp/\libhal_bsp.a(alt_sys_init.o)
 .debug_abbrev  0x0000000000000b5f       0xd5 ../smart_clock_bsp/\libhal_bsp.a(altera_avalon_jtag_uart_write.o)
 .debug_abbrev  0x0000000000000c34       0x42 ../smart_clock_bsp/\libhal_bsp.a(alt_dcache_flush_all.o)
 .debug_abbrev  0x0000000000000c76       0x12 ../smart_clock_bsp/\libhal_bsp.a(alt_exception_entry.o)
 .debug_abbrev  0x0000000000000c88       0x42 ../smart_clock_bsp/\libhal_bsp.a(alt_icache_flush_all.o)
 .debug_abbrev  0x0000000000000cca       0xe7 ../smart_clock_bsp/\libhal_bsp.a(alt_instruction_exception_entry.o)
 .debug_abbrev  0x0000000000000db1       0x42 ../smart_clock_bsp/\libhal_bsp.a(altera_nios2_gen2_irq.o)
 .debug_abbrev  0x0000000000000df3       0x7f d:/intelfpga_lite/18.1/nios2eds/bin/gnu/h-x86_64-mingw32/bin/../lib/gcc/nios2-elf/5.3.0/../../../../../H-x86_64-mingw32/nios2-elf/lib/mno-hw-mul\libsmallc.a(lib_a-strlen.o)

.debug_line     0x0000000000000000      0xde9
 *(.debug_line)
 .debug_line    0x0000000000000000       0x66 ../smart_clock_bsp//obj/HAL/src/crt0.o
 .debug_line    0x0000000000000066      0x130 obj/default/hello_world_small.o
 .debug_line    0x0000000000000196       0xf1 ../smart_clock_bsp/\libhal_bsp.a(alt_iic.o)
 .debug_line    0x0000000000000287       0xd6 ../smart_clock_bsp/\libhal_bsp.a(alt_iic_isr_register.o)
 .debug_line    0x000000000000035d       0x6b ../smart_clock_bsp/\libhal_bsp.a(alt_irq_entry.o)
 .debug_line    0x00000000000003c8       0xa5 ../smart_clock_bsp/\libhal_bsp.a(alt_irq_handler.o)
 .debug_line    0x000000000000046d       0x50 ../smart_clock_bsp/\libhal_bsp.a(alt_irq_vars.o)
 .debug_line    0x00000000000004bd       0xa4 ../smart_clock_bsp/\libhal_bsp.a(alt_load.o)
 .debug_line    0x0000000000000561       0xbd ../smart_clock_bsp/\libhal_bsp.a(alt_main.o)
 .debug_line    0x000000000000061e      0x112 ../smart_clock_bsp/\libhal_bsp.a(alt_printf.o)
 .debug_line    0x0000000000000730       0x55 ../smart_clock_bsp/\libhal_bsp.a(alt_putchar.o)
 .debug_line    0x0000000000000785       0xa0 ../smart_clock_bsp/\libhal_bsp.a(alt_putstr.o)
 .debug_line    0x0000000000000825      0x11a ../smart_clock_bsp/\libhal_bsp.a(alt_sys_init.o)
 .debug_line    0x000000000000093f       0xf0 ../smart_clock_bsp/\libhal_bsp.a(altera_avalon_jtag_uart_write.o)
 .debug_line    0x0000000000000a2f       0x4e ../smart_clock_bsp/\libhal_bsp.a(alt_dcache_flush_all.o)
 .debug_line    0x0000000000000a7d       0xb3 ../smart_clock_bsp/\libhal_bsp.a(alt_exception_entry.o)
 .debug_line    0x0000000000000b30       0x4e ../smart_clock_bsp/\libhal_bsp.a(alt_icache_flush_all.o)
 .debug_line    0x0000000000000b7e       0xbf ../smart_clock_bsp/\libhal_bsp.a(alt_instruction_exception_entry.o)
 .debug_line    0x0000000000000c3d       0x50 ../smart_clock_bsp/\libhal_bsp.a(altera_nios2_gen2_irq.o)
 .debug_line    0x0000000000000c8d      0x15c d:/intelfpga_lite/18.1/nios2eds/bin/gnu/h-x86_64-mingw32/bin/../lib/gcc/nios2-elf/5.3.0/../../../../../H-x86_64-mingw32/nios2-elf/lib/mno-hw-mul\libsmallc.a(lib_a-strlen.o)

.debug_frame    0x0000000000000000      0x3d4
 *(.debug_frame)
 .debug_frame   0x0000000000000000      0x104 obj/default/hello_world_small.o
 .debug_frame   0x0000000000000104       0x50 ../smart_clock_bsp/\libhal_bsp.a(alt_iic.o)
 .debug_frame   0x0000000000000154       0x30 ../smart_clock_bsp/\libhal_bsp.a(alt_iic_isr_register.o)
 .debug_frame   0x0000000000000184       0x34 ../smart_clock_bsp/\libhal_bsp.a(alt_irq_handler.o)
 .debug_frame   0x00000000000001b8       0x30 ../smart_clock_bsp/\libhal_bsp.a(alt_load.o)
 .debug_frame   0x00000000000001e8       0x2c ../smart_clock_bsp/\libhal_bsp.a(alt_main.o)
 .debug_frame   0x0000000000000214       0x54 ../smart_clock_bsp/\libhal_bsp.a(alt_printf.o)
 .debug_frame   0x0000000000000268       0x30 ../smart_clock_bsp/\libhal_bsp.a(alt_putchar.o)
 .debug_frame   0x0000000000000298       0x30 ../smart_clock_bsp/\libhal_bsp.a(alt_putstr.o)
 .debug_frame   0x00000000000002c8       0x3c ../smart_clock_bsp/\libhal_bsp.a(alt_sys_init.o)
 .debug_frame   0x0000000000000304       0x20 ../smart_clock_bsp/\libhal_bsp.a(altera_avalon_jtag_uart_write.o)
 .debug_frame   0x0000000000000324       0x20 ../smart_clock_bsp/\libhal_bsp.a(alt_dcache_flush_all.o)
 .debug_frame   0x0000000000000344       0x20 ../smart_clock_bsp/\libhal_bsp.a(alt_icache_flush_all.o)
 .debug_frame   0x0000000000000364       0x30 ../smart_clock_bsp/\libhal_bsp.a(alt_instruction_exception_entry.o)
 .debug_frame   0x0000000000000394       0x20 ../smart_clock_bsp/\libhal_bsp.a(altera_nios2_gen2_irq.o)
 .debug_frame   0x00000000000003b4       0x20 d:/intelfpga_lite/18.1/nios2eds/bin/gnu/h-x86_64-mingw32/bin/../lib/gcc/nios2-elf/5.3.0/../../../../../H-x86_64-mingw32/nios2-elf/lib/mno-hw-mul\libsmallc.a(lib_a-strlen.o)

.debug_str      0x0000000000000000      0xd8d
 *(.debug_str)
 .debug_str     0x0000000000000000      0x252 obj/default/hello_world_small.o
                                        0x298 (size before relaxing)
 .debug_str     0x0000000000000252      0x12e ../smart_clock_bsp/\libhal_bsp.a(alt_iic.o)
                                        0x256 (size before relaxing)
 .debug_str     0x0000000000000380       0x37 ../smart_clock_bsp/\libhal_bsp.a(alt_iic_isr_register.o)
                                        0x210 (size before relaxing)
 .debug_str     0x00000000000003b7       0x3a ../smart_clock_bsp/\libhal_bsp.a(alt_irq_handler.o)
                                        0x19a (size before relaxing)
 .debug_str     0x00000000000003f1       0x17 ../smart_clock_bsp/\libhal_bsp.a(alt_irq_vars.o)
                                        0x13d (size before relaxing)
 .debug_str     0x0000000000000408      0x113 ../smart_clock_bsp/\libhal_bsp.a(alt_load.o)
                                        0x23f (size before relaxing)
 .debug_str     0x000000000000051b       0x8f ../smart_clock_bsp/\libhal_bsp.a(alt_main.o)
                                        0x1b8 (size before relaxing)
 .debug_str     0x00000000000005aa       0x59 ../smart_clock_bsp/\libhal_bsp.a(alt_printf.o)
                                        0x109 (size before relaxing)
 .debug_str     0x0000000000000603       0x59 ../smart_clock_bsp/\libhal_bsp.a(alt_putchar.o)
                                        0x189 (size before relaxing)
 .debug_str     0x000000000000065c       0x1c ../smart_clock_bsp/\libhal_bsp.a(alt_putstr.o)
                                        0x18e (size before relaxing)
 .debug_str     0x0000000000000678       0xb9 ../smart_clock_bsp/\libhal_bsp.a(alt_sys_init.o)
                                        0x25a (size before relaxing)
 .debug_str     0x0000000000000731       0x39 ../smart_clock_bsp/\libhal_bsp.a(altera_avalon_jtag_uart_write.o)
                                        0x218 (size before relaxing)
 .debug_str     0x000000000000076a       0x1f ../smart_clock_bsp/\libhal_bsp.a(alt_dcache_flush_all.o)
                                        0x158 (size before relaxing)
 .debug_str     0x0000000000000789       0x1f ../smart_clock_bsp/\libhal_bsp.a(alt_icache_flush_all.o)
                                        0x158 (size before relaxing)
 .debug_str     0x00000000000007a8      0x48b ../smart_clock_bsp/\libhal_bsp.a(alt_instruction_exception_entry.o)
                                        0x5a3 (size before relaxing)
 .debug_str     0x0000000000000c33       0x20 ../smart_clock_bsp/\libhal_bsp.a(altera_nios2_gen2_irq.o)
                                        0x15f (size before relaxing)
 .debug_str     0x0000000000000c53      0x13a d:/intelfpga_lite/18.1/nios2eds/bin/gnu/h-x86_64-mingw32/bin/../lib/gcc/nios2-elf/5.3.0/../../../../../H-x86_64-mingw32/nios2-elf/lib/mno-hw-mul\libsmallc.a(lib_a-strlen.o)
                                        0x1e5 (size before relaxing)

.debug_loc      0x0000000000000000      0x73a
 *(.debug_loc)
 .debug_loc     0x0000000000000000       0x55 obj/default/hello_world_small.o
 .debug_loc     0x0000000000000055      0x170 ../smart_clock_bsp/\libhal_bsp.a(alt_iic.o)
 .debug_loc     0x00000000000001c5      0x193 ../smart_clock_bsp/\libhal_bsp.a(alt_iic_isr_register.o)
 .debug_loc     0x0000000000000358       0x72 ../smart_clock_bsp/\libhal_bsp.a(alt_irq_handler.o)
 .debug_loc     0x00000000000003ca      0x1de ../smart_clock_bsp/\libhal_bsp.a(alt_printf.o)
 .debug_loc     0x00000000000005a8       0x2c ../smart_clock_bsp/\libhal_bsp.a(alt_putchar.o)
 .debug_loc     0x00000000000005d4       0x37 ../smart_clock_bsp/\libhal_bsp.a(alt_putstr.o)
 .debug_loc     0x000000000000060b       0x21 ../smart_clock_bsp/\libhal_bsp.a(alt_sys_init.o)
 .debug_loc     0x000000000000062c       0x8b ../smart_clock_bsp/\libhal_bsp.a(altera_avalon_jtag_uart_write.o)
 .debug_loc     0x00000000000006b7       0x65 ../smart_clock_bsp/\libhal_bsp.a(alt_instruction_exception_entry.o)
 .debug_loc     0x000000000000071c       0x1e d:/intelfpga_lite/18.1/nios2eds/bin/gnu/h-x86_64-mingw32/bin/../lib/gcc/nios2-elf/5.3.0/../../../../../H-x86_64-mingw32/nios2-elf/lib/mno-hw-mul\libsmallc.a(lib_a-strlen.o)

.debug_macinfo
 *(.debug_macinfo)

.debug_weaknames
 *(.debug_weaknames)

.debug_funcnames
 *(.debug_funcnames)

.debug_typenames
 *(.debug_typenames)

.debug_varnames
 *(.debug_varnames)

.debug_alt_sim_info
                0x0000000000000000       0x10
 *(.debug_alt_sim_info)
 .debug_alt_sim_info
                0x0000000000000000       0x10 ../smart_clock_bsp//obj/HAL/src/crt0.o
                0x0000000000004000                __alt_data_end = 0x4000
                0x0000000000004000                PROVIDE (__alt_stack_pointer, __alt_data_end)
                [!provide]                        PROVIDE (__alt_stack_limit, __alt_stack_base)
                [!provide]                        PROVIDE (__alt_heap_start, end)
                [!provide]                        PROVIDE (__alt_heap_limit, 0x4000)
OUTPUT(smart_clock.elf elf32-littlenios2)

.debug_ranges   0x0000000000000000      0x128
 .debug_ranges  0x0000000000000000       0x20 ../smart_clock_bsp//obj/HAL/src/crt0.o
 .debug_ranges  0x0000000000000020       0x18 obj/default/hello_world_small.o
 .debug_ranges  0x0000000000000038       0x28 ../smart_clock_bsp/\libhal_bsp.a(alt_irq_entry.o)
 .debug_ranges  0x0000000000000060       0x10 ../smart_clock_bsp/\libhal_bsp.a(alt_irq_handler.o)
 .debug_ranges  0x0000000000000070       0x48 ../smart_clock_bsp/\libhal_bsp.a(alt_load.o)
 .debug_ranges  0x00000000000000b8       0x18 ../smart_clock_bsp/\libhal_bsp.a(alt_printf.o)
 .debug_ranges  0x00000000000000d0       0x30 ../smart_clock_bsp/\libhal_bsp.a(alt_exception_entry.o)
 .debug_ranges  0x0000000000000100       0x18 ../smart_clock_bsp/\libhal_bsp.a(alt_instruction_exception_entry.o)
 .debug_ranges  0x0000000000000118       0x10 d:/intelfpga_lite/18.1/nios2eds/bin/gnu/h-x86_64-mingw32/bin/../lib/gcc/nios2-elf/5.3.0/../../../../../H-x86_64-mingw32/nios2-elf/lib/mno-hw-mul\libsmallc.a(lib_a-strlen.o)
