Archive member included to satisfy reference by file (symbol)

../hola_mundo_bsp/\libhal_bsp.a(alt_iic.o)
                              obj/default/hello_world_small.o (alt_ic_isr_register)
../hola_mundo_bsp/\libhal_bsp.a(alt_iic_isr_register.o)
                              ../hola_mundo_bsp/\libhal_bsp.a(alt_iic.o) (alt_iic_isr_register)
../hola_mundo_bsp/\libhal_bsp.a(alt_irq_entry.o)
                              ../hola_mundo_bsp/\libhal_bsp.a(alt_iic_isr_register.o) (alt_irq_entry)
../hola_mundo_bsp/\libhal_bsp.a(alt_irq_handler.o)
                              ../hola_mundo_bsp/\libhal_bsp.a(alt_iic_isr_register.o) (alt_irq_handler)
../hola_mundo_bsp/\libhal_bsp.a(alt_irq_vars.o)
                              ../hola_mundo_bsp/\libhal_bsp.a(alt_iic.o) (alt_irq_active)
../hola_mundo_bsp/\libhal_bsp.a(alt_load.o)
                              ../hola_mundo_bsp//obj/HAL/src/crt0.o (alt_load)
../hola_mundo_bsp/\libhal_bsp.a(alt_main.o)
                              ../hola_mundo_bsp//obj/HAL/src/crt0.o (alt_main)
../hola_mundo_bsp/\libhal_bsp.a(alt_putstr.o)
                              obj/default/hello_world_small.o (alt_putstr)
../hola_mundo_bsp/\libhal_bsp.a(alt_sys_init.o)
                              ../hola_mundo_bsp/\libhal_bsp.a(alt_main.o) (alt_irq_init)
../hola_mundo_bsp/\libhal_bsp.a(altera_avalon_jtag_uart_write.o)
                              ../hola_mundo_bsp/\libhal_bsp.a(alt_putstr.o) (altera_avalon_jtag_uart_write)
../hola_mundo_bsp/\libhal_bsp.a(alt_dcache_flush_all.o)
                              ../hola_mundo_bsp/\libhal_bsp.a(alt_load.o) (alt_dcache_flush_all)
../hola_mundo_bsp/\libhal_bsp.a(alt_exception_entry.o)
                              ../hola_mundo_bsp/\libhal_bsp.a(alt_irq_entry.o) (alt_exception)
../hola_mundo_bsp/\libhal_bsp.a(alt_icache_flush_all.o)
                              ../hola_mundo_bsp/\libhal_bsp.a(alt_load.o) (alt_icache_flush_all)
../hola_mundo_bsp/\libhal_bsp.a(alt_instruction_exception_entry.o)
                              ../hola_mundo_bsp/\libhal_bsp.a(alt_exception_entry.o) (alt_instruction_exception_entry)
../hola_mundo_bsp/\libhal_bsp.a(altera_nios2_gen2_irq.o)
                              ../hola_mundo_bsp/\libhal_bsp.a(alt_sys_init.o) (altera_nios2_gen2_irq_init)
d:/intelfpga_lite/18.1/nios2eds/bin/gnu/h-x86_64-mingw32/bin/../lib/gcc/nios2-elf/5.3.0/../../../../../H-x86_64-mingw32/nios2-elf/lib/mno-hw-mul\libsmallc.a(lib_a-strlen.o)
                              ../hola_mundo_bsp/\libhal_bsp.a(alt_putstr.o) (strlen)

Allocating common symbols
Common symbol       size              file

alt_irq             0x100             ../hola_mundo_bsp/\libhal_bsp.a(alt_irq_handler.o)

Memory Configuration

Name             Origin             Length             Attributes
reset            0x0000000000002000 0x0000000000000020
RAM              0x0000000000002020 0x0000000000001fe0
*default*        0x0000000000000000 0xffffffffffffffff

Linker script and memory map

LOAD ../hola_mundo_bsp//obj/HAL/src/crt0.o
LOAD obj/default/hello_world_small.o
LOAD d:/intelfpga_lite/18.1/nios2eds/bin/gnu/h-x86_64-mingw32/bin/../lib/gcc/nios2-elf/5.3.0/../../../../../H-x86_64-mingw32/nios2-elf/lib/mno-hw-mul\libstdc++.a
LOAD d:/intelfpga_lite/18.1/nios2eds/bin/gnu/h-x86_64-mingw32/bin/../lib/gcc/nios2-elf/5.3.0/../../../../../H-x86_64-mingw32/nios2-elf/lib/mno-hw-mul\libm.a
LOAD d:/intelfpga_lite/18.1/nios2eds/bin/gnu/h-x86_64-mingw32/bin/../lib/gcc/nios2-elf/5.3.0/mno-hw-mul\libgcc.a
START GROUP
LOAD d:/intelfpga_lite/18.1/nios2eds/bin/gnu/h-x86_64-mingw32/bin/../lib/gcc/nios2-elf/5.3.0/../../../../../H-x86_64-mingw32/nios2-elf/lib/mno-hw-mul\libsmallc.a
LOAD d:/intelfpga_lite/18.1/nios2eds/bin/gnu/h-x86_64-mingw32/bin/../lib/gcc/nios2-elf/5.3.0/mno-hw-mul\libgcc.a
LOAD ../hola_mundo_bsp/\libhal_bsp.a
LOAD d:/intelfpga_lite/18.1/nios2eds/bin/gnu/h-x86_64-mingw32/bin/../lib/gcc/nios2-elf/5.3.0/../../../../../H-x86_64-mingw32/nios2-elf/lib/mno-hw-mul\libm.a
END GROUP
LOAD d:/intelfpga_lite/18.1/nios2eds/bin/gnu/h-x86_64-mingw32/bin/../lib/gcc/nios2-elf/5.3.0/mno-hw-mul\libgcc.a
                0x0000000000002000                __alt_mem_RAM = 0x2000

.entry          0x0000000000002000       0x20
 *(.entry)
 .entry         0x0000000000002000       0x20 ../hola_mundo_bsp//obj/HAL/src/crt0.o
                0x0000000000002000                __reset
                0x000000000000200c                _exit

.exceptions     0x0000000000002020      0x160
                0x0000000000002020                PROVIDE (__ram_exceptions_start, ABSOLUTE (.))
                0x0000000000002020                . = ALIGN (0x20)
 *(.irq)
 *(.exceptions.entry.label)
 .exceptions.entry.label
                0x0000000000002020        0x0 ../hola_mundo_bsp/\libhal_bsp.a(alt_irq_entry.o)
                0x0000000000002020                alt_irq_entry
 .exceptions.entry.label
                0x0000000000002020        0x0 ../hola_mundo_bsp/\libhal_bsp.a(alt_exception_entry.o)
                0x0000000000002020                alt_exception
 *(.exceptions.entry.user)
 *(.exceptions.entry.ecc_fatal)
 *(.exceptions.entry)
 .exceptions.entry
                0x0000000000002020       0x54 ../hola_mundo_bsp/\libhal_bsp.a(alt_exception_entry.o)
 *(.exceptions.irqtest.user)
 *(.exceptions.irqtest)
 .exceptions.irqtest
                0x0000000000002074       0x10 ../hola_mundo_bsp/\libhal_bsp.a(alt_irq_entry.o)
 *(.exceptions.irqhandler.user)
 *(.exceptions.irqhandler)
 .exceptions.irqhandler
                0x0000000000002084        0x4 ../hola_mundo_bsp/\libhal_bsp.a(alt_irq_entry.o)
 *(.exceptions.irqreturn.user)
 *(.exceptions.irqreturn)
 .exceptions.irqreturn
                0x0000000000002088        0x4 ../hola_mundo_bsp/\libhal_bsp.a(alt_irq_entry.o)
 *(.exceptions.notirq.label)
 .exceptions.notirq.label
                0x000000000000208c        0x0 ../hola_mundo_bsp/\libhal_bsp.a(alt_irq_entry.o)
 *(.exceptions.notirq.user)
 *(.exceptions.notirq)
 .exceptions.notirq
                0x000000000000208c        0x8 ../hola_mundo_bsp/\libhal_bsp.a(alt_exception_entry.o)
 *(.exceptions.soft.user)
 *(.exceptions.soft)
 *(.exceptions.unknown.user)
 *(.exceptions.unknown)
 .exceptions.unknown
                0x0000000000002094       0x14 ../hola_mundo_bsp/\libhal_bsp.a(alt_exception_entry.o)
 *(.exceptions.exit.label)
 .exceptions.exit.label
                0x00000000000020a8        0x0 ../hola_mundo_bsp/\libhal_bsp.a(alt_irq_entry.o)
 .exceptions.exit.label
                0x00000000000020a8        0x0 ../hola_mundo_bsp/\libhal_bsp.a(alt_exception_entry.o)
 *(.exceptions.exit.user)
 *(.exceptions.exit)
 .exceptions.exit
                0x00000000000020a8       0x54 ../hola_mundo_bsp/\libhal_bsp.a(alt_exception_entry.o)
 *(.exceptions)
 .exceptions    0x00000000000020fc       0x60 ../hola_mundo_bsp/\libhal_bsp.a(alt_irq_handler.o)
                0x00000000000020fc                alt_irq_handler
 .exceptions    0x000000000000215c       0x24 ../hola_mundo_bsp/\libhal_bsp.a(alt_instruction_exception_entry.o)
                0x000000000000215c                alt_instruction_exception_entry
                0x0000000000002180                PROVIDE (__ram_exceptions_end, ABSOLUTE (.))
                0x0000000000002020                PROVIDE (__flash_exceptions_start, LOADADDR (.exceptions))

.text           0x0000000000002180      0x528
                [!provide]                        PROVIDE (stext, ABSOLUTE (.))
 *(.interp)
 *(.hash)
 *(.dynsym)
 *(.dynstr)
 *(.gnu.version)
 *(.gnu.version_d)
 *(.gnu.version_r)
 *(.rel.init)
 *(.rela.init)
 *(.rel.text .rel.text.* .rel.gnu.linkonce.t.*)
 *(.rela.text .rela.text.* .rela.gnu.linkonce.t.*)
 *(.rel.fini)
 *(.rela.fini)
 *(.rel.rodata .rel.rodata.* .rel.gnu.linkonce.r.*)
 *(.rela.rodata .rela.rodata.* .rela.gnu.linkonce.r.*)
 *(.rel.data .rel.data.* .rel.gnu.linkonce.d.*)
 *(.rela.data .rela.data.* .rela.gnu.linkonce.d.*)
 *(.rel.tdata .rel.tdata.* .rel.gnu.linkonce.td.*)
 *(.rela.tdata .rela.tdata.* .rela.gnu.linkonce.td.*)
 *(.rel.tbss .rel.tbss.* .rel.gnu.linkonce.tb.*)
 *(.rela.tbss .rela.tbss.* .rela.gnu.linkonce.tb.*)
 *(.rel.ctors)
 *(.rela.ctors)
 *(.rel.dtors)
 *(.rela.dtors)
 *(.rel.got)
 *(.rela.got)
 *(.rel.sdata .rel.sdata.* .rel.gnu.linkonce.s.*)
 *(.rela.sdata .rela.sdata.* .rela.gnu.linkonce.s.*)
 *(.rel.sbss .rel.sbss.* .rel.gnu.linkonce.sb.*)
 *(.rela.sbss .rela.sbss.* .rela.gnu.linkonce.sb.*)
 *(.rel.sdata2 .rel.sdata2.* .rel.gnu.linkonce.s2.*)
 *(.rela.sdata2 .rela.sdata2.* .rela.gnu.linkonce.s2.*)
 *(.rel.sbss2 .rel.sbss2.* .rel.gnu.linkonce.sb2.*)
 *(.rela.sbss2 .rela.sbss2.* .rela.gnu.linkonce.sb2.*)
 *(.rel.bss .rel.bss.* .rel.gnu.linkonce.b.*)
 *(.rela.bss .rela.bss.* .rela.gnu.linkonce.b.*)
 *(.rel.plt)
 *(.rela.plt)
 *(.rel.dyn)
 *(.init)
 *(.plt)
 *(.text .stub .text.* .gnu.linkonce.t.*)
 .text          0x0000000000002180       0x3c ../hola_mundo_bsp//obj/HAL/src/crt0.o
                0x0000000000002180                _start
 .text          0x00000000000021bc      0x168 obj/default/hello_world_small.o
                0x00000000000021bc                io_button
                0x000000000000223c                io_button_op
                0x000000000000229c                io_button_setup
                0x00000000000022e0                io_button_setup2
 .text.startup  0x0000000000002324       0x54 obj/default/hello_world_small.o
                0x0000000000002324                main
 .text          0x0000000000002378       0x8c ../hola_mundo_bsp/\libhal_bsp.a(alt_iic.o)
                0x0000000000002378                alt_ic_isr_register
                0x000000000000237c                alt_ic_irq_enable
                0x00000000000023b4                alt_ic_irq_disable
                0x00000000000023ec                alt_ic_irq_enabled
 .text          0x0000000000002404       0x68 ../hola_mundo_bsp/\libhal_bsp.a(alt_iic_isr_register.o)
                0x0000000000002404                alt_iic_isr_register
 .text          0x000000000000246c        0x0 ../hola_mundo_bsp/\libhal_bsp.a(alt_irq_entry.o)
 .text          0x000000000000246c        0x0 ../hola_mundo_bsp/\libhal_bsp.a(alt_irq_handler.o)
 .text          0x000000000000246c        0x0 ../hola_mundo_bsp/\libhal_bsp.a(alt_irq_vars.o)
 .text          0x000000000000246c       0xe0 ../hola_mundo_bsp/\libhal_bsp.a(alt_load.o)
                0x000000000000246c                alt_load
 .text          0x000000000000254c       0x2c ../hola_mundo_bsp/\libhal_bsp.a(alt_main.o)
                0x000000000000254c                alt_main
 .text          0x0000000000002578       0x38 ../hola_mundo_bsp/\libhal_bsp.a(alt_putstr.o)
                0x0000000000002578                alt_putstr
 .text          0x00000000000025b0       0x24 ../hola_mundo_bsp/\libhal_bsp.a(alt_sys_init.o)
                0x00000000000025b0                alt_irq_init
                0x00000000000025d0                alt_sys_init
 .text          0x00000000000025d4       0x34 ../hola_mundo_bsp/\libhal_bsp.a(altera_avalon_jtag_uart_write.o)
                0x00000000000025d4                altera_avalon_jtag_uart_write
 .text          0x0000000000002608        0x4 ../hola_mundo_bsp/\libhal_bsp.a(alt_dcache_flush_all.o)
                0x0000000000002608                alt_dcache_flush_all
 .text          0x000000000000260c        0x0 ../hola_mundo_bsp/\libhal_bsp.a(alt_exception_entry.o)
 .text          0x000000000000260c        0x4 ../hola_mundo_bsp/\libhal_bsp.a(alt_icache_flush_all.o)
                0x000000000000260c                alt_icache_flush_all
 .text          0x0000000000002610       0x74 ../hola_mundo_bsp/\libhal_bsp.a(alt_instruction_exception_entry.o)
                0x0000000000002610                alt_exception_cause_generated_bad_addr
 .text          0x0000000000002684        0x8 ../hola_mundo_bsp/\libhal_bsp.a(altera_nios2_gen2_irq.o)
                0x0000000000002684                altera_nios2_gen2_irq_init
 .text          0x000000000000268c        0x0 d:/intelfpga_lite/18.1/nios2eds/bin/gnu/h-x86_64-mingw32/bin/../lib/gcc/nios2-elf/5.3.0/../../../../../H-x86_64-mingw32/nios2-elf/lib/mno-hw-mul\libsmallc.a(lib_a-strlen.o)
 .text.strlen   0x000000000000268c       0x1c d:/intelfpga_lite/18.1/nios2eds/bin/gnu/h-x86_64-mingw32/bin/../lib/gcc/nios2-elf/5.3.0/../../../../../H-x86_64-mingw32/nios2-elf/lib/mno-hw-mul\libsmallc.a(lib_a-strlen.o)
                0x000000000000268c                strlen
 *(.gnu.warning.*)
 *(.fini)
                [!provide]                        PROVIDE (__etext, ABSOLUTE (.))
                [!provide]                        PROVIDE (_etext, ABSOLUTE (.))
                [!provide]                        PROVIDE (etext, ABSOLUTE (.))
 *(.eh_frame_hdr)
                0x00000000000026a8                . = ALIGN (0x4)
                [!provide]                        PROVIDE (__preinit_array_start, ABSOLUTE (.))
 *(.preinit_array)
                [!provide]                        PROVIDE (__preinit_array_end, ABSOLUTE (.))
                [!provide]                        PROVIDE (__init_array_start, ABSOLUTE (.))
 *(.init_array)
                [!provide]                        PROVIDE (__init_array_end, ABSOLUTE (.))
                [!provide]                        PROVIDE (__fini_array_start, ABSOLUTE (.))
 *(.fini_array)
                [!provide]                        PROVIDE (__fini_array_end, ABSOLUTE (.))
 *(.eh_frame)
 *(.gcc_except_table .gcc_except_table.*)
 *(.dynamic)
                [!provide]                        PROVIDE (__CTOR_LIST__, ABSOLUTE (.))
 *(.ctors)
 *(SORT(.ctors.*))
                [!provide]                        PROVIDE (__CTOR_END__, ABSOLUTE (.))
                [!provide]                        PROVIDE (__DTOR_LIST__, ABSOLUTE (.))
 *(.dtors)
 *(SORT(.dtors.*))
                [!provide]                        PROVIDE (__DTOR_END__, ABSOLUTE (.))
 *(.jcr)
                0x00000000000026a8                . = ALIGN (0x4)

.rodata         0x00000000000026a8       0x88
                0x00000000000026a8                PROVIDE (__ram_rodata_start, ABSOLUTE (.))
                0x00000000000026a8                . = ALIGN (0x4)
 *(.rodata .rodata.* .gnu.linkonce.r.*)
 .rodata.str1.4
                0x00000000000026a8       0x88 obj/default/hello_world_small.o
                                         0x87 (size before relaxing)
 *(.rodata1)
                0x0000000000002730                . = ALIGN (0x4)
                0x0000000000002730                PROVIDE (__ram_rodata_end, ABSOLUTE (.))
                0x00000000000026a8                PROVIDE (__flash_rodata_start, LOADADDR (.rodata))

.rwdata         0x0000000000002730        0xc load address 0x000000000000273c
                0x0000000000002730                PROVIDE (__ram_rwdata_start, ABSOLUTE (.))
                0x0000000000002730                . = ALIGN (0x4)
 *(.got.plt)
 *(.got)
 *(.data1)
 *(.data .data.* .gnu.linkonce.d.*)
 .data          0x0000000000002730        0x0 ../hola_mundo_bsp//obj/HAL/src/crt0.o
 .data          0x0000000000002730        0x0 obj/default/hello_world_small.o
 .data          0x0000000000002730        0x0 ../hola_mundo_bsp/\libhal_bsp.a(alt_iic.o)
 .data          0x0000000000002730        0x0 ../hola_mundo_bsp/\libhal_bsp.a(alt_iic_isr_register.o)
 .data          0x0000000000002730        0x0 ../hola_mundo_bsp/\libhal_bsp.a(alt_irq_entry.o)
 .data          0x0000000000002730        0x0 ../hola_mundo_bsp/\libhal_bsp.a(alt_irq_handler.o)
 .data          0x0000000000002730        0x0 ../hola_mundo_bsp/\libhal_bsp.a(alt_irq_vars.o)
 .data          0x0000000000002730        0x0 ../hola_mundo_bsp/\libhal_bsp.a(alt_load.o)
 .data          0x0000000000002730        0x0 ../hola_mundo_bsp/\libhal_bsp.a(alt_main.o)
 .data          0x0000000000002730        0x0 ../hola_mundo_bsp/\libhal_bsp.a(alt_putstr.o)
 .data          0x0000000000002730        0x0 ../hola_mundo_bsp/\libhal_bsp.a(alt_sys_init.o)
 .data          0x0000000000002730        0x0 ../hola_mundo_bsp/\libhal_bsp.a(altera_avalon_jtag_uart_write.o)
 .data          0x0000000000002730        0x0 ../hola_mundo_bsp/\libhal_bsp.a(alt_dcache_flush_all.o)
 .data          0x0000000000002730        0x0 ../hola_mundo_bsp/\libhal_bsp.a(alt_exception_entry.o)
 .data          0x0000000000002730        0x0 ../hola_mundo_bsp/\libhal_bsp.a(alt_icache_flush_all.o)
 .data          0x0000000000002730        0x0 ../hola_mundo_bsp/\libhal_bsp.a(alt_instruction_exception_entry.o)
 .data          0x0000000000002730        0x0 ../hola_mundo_bsp/\libhal_bsp.a(altera_nios2_gen2_irq.o)
 .data          0x0000000000002730        0x0 d:/intelfpga_lite/18.1/nios2eds/bin/gnu/h-x86_64-mingw32/bin/../lib/gcc/nios2-elf/5.3.0/../../../../../H-x86_64-mingw32/nios2-elf/lib/mno-hw-mul\libsmallc.a(lib_a-strlen.o)
                0x000000000000a730                _gp = ABSOLUTE ((. + 0x8000))
                [!provide]                        PROVIDE (gp, _gp)
 *(.rwdata .rwdata.*)
 *(.sdata .sdata.* .gnu.linkonce.s.*)
 .sdata         0x0000000000002730        0x4 obj/default/hello_world_small.o
                0x0000000000002730                reg_mode
 .sdata         0x0000000000002734        0x4 ../hola_mundo_bsp/\libhal_bsp.a(alt_irq_vars.o)
                0x0000000000002734                alt_priority_mask
 .sdata         0x0000000000002738        0x4 ../hola_mundo_bsp/\libhal_bsp.a(alt_sys_init.o)
                0x0000000000002738                UART
 *(.sdata2 .sdata2.* .gnu.linkonce.s2.*)
                0x000000000000273c                . = ALIGN (0x4)
                0x000000000000273c                _edata = ABSOLUTE (.)
                [!provide]                        PROVIDE (edata, ABSOLUTE (.))
                0x000000000000273c                PROVIDE (__ram_rwdata_end, ABSOLUTE (.))
                0x000000000000273c                PROVIDE (__flash_rwdata_start, LOADADDR (.rwdata))

.bss            0x0000000000002748      0x11c
                0x0000000000002748                __bss_start = ABSOLUTE (.)
                [!provide]                        PROVIDE (__sbss_start, ABSOLUTE (.))
                [!provide]                        PROVIDE (___sbss_start, ABSOLUTE (.))
 *(.dynsbss)
 *(.sbss .sbss.* .gnu.linkonce.sb.*)
 .sbss          0x0000000000002748        0x8 obj/default/hello_world_small.o
                0x0000000000002748                mode
                0x000000000000274c                edge_val
 .sbss          0x0000000000002750        0x4 ../hola_mundo_bsp/\libhal_bsp.a(alt_irq_vars.o)
                0x0000000000002750                alt_irq_active
 .sbss          0x0000000000002754        0xc ../hola_mundo_bsp/\libhal_bsp.a(alt_main.o)
                0x0000000000002754                alt_envp
                0x0000000000002758                alt_argv
                0x000000000000275c                alt_argc
 .sbss          0x0000000000002760        0x4 ../hola_mundo_bsp/\libhal_bsp.a(alt_instruction_exception_entry.o)
                0x0000000000002760                alt_instruction_exception_handler
 *(.sbss2 .sbss2.* .gnu.linkonce.sb2.*)
 *(.scommon)
                [!provide]                        PROVIDE (__sbss_end, ABSOLUTE (.))
                [!provide]                        PROVIDE (___sbss_end, ABSOLUTE (.))
 *(.dynbss)
 *(.bss .bss.* .gnu.linkonce.b.*)
 .bss           0x0000000000002764        0x0 ../hola_mundo_bsp//obj/HAL/src/crt0.o
 .bss           0x0000000000002764        0x0 obj/default/hello_world_small.o
 .bss           0x0000000000002764        0x0 ../hola_mundo_bsp/\libhal_bsp.a(alt_iic.o)
 .bss           0x0000000000002764        0x0 ../hola_mundo_bsp/\libhal_bsp.a(alt_iic_isr_register.o)
 .bss           0x0000000000002764        0x0 ../hola_mundo_bsp/\libhal_bsp.a(alt_irq_entry.o)
 .bss           0x0000000000002764        0x0 ../hola_mundo_bsp/\libhal_bsp.a(alt_irq_handler.o)
 .bss           0x0000000000002764        0x0 ../hola_mundo_bsp/\libhal_bsp.a(alt_irq_vars.o)
 .bss           0x0000000000002764        0x0 ../hola_mundo_bsp/\libhal_bsp.a(alt_load.o)
 .bss           0x0000000000002764        0x0 ../hola_mundo_bsp/\libhal_bsp.a(alt_main.o)
 .bss           0x0000000000002764        0x0 ../hola_mundo_bsp/\libhal_bsp.a(alt_putstr.o)
 .bss           0x0000000000002764        0x0 ../hola_mundo_bsp/\libhal_bsp.a(alt_sys_init.o)
 .bss           0x0000000000002764        0x0 ../hola_mundo_bsp/\libhal_bsp.a(altera_avalon_jtag_uart_write.o)
 .bss           0x0000000000002764        0x0 ../hola_mundo_bsp/\libhal_bsp.a(alt_dcache_flush_all.o)
 .bss           0x0000000000002764        0x0 ../hola_mundo_bsp/\libhal_bsp.a(alt_exception_entry.o)
 .bss           0x0000000000002764        0x0 ../hola_mundo_bsp/\libhal_bsp.a(alt_icache_flush_all.o)
 .bss           0x0000000000002764        0x0 ../hola_mundo_bsp/\libhal_bsp.a(alt_instruction_exception_entry.o)
 .bss           0x0000000000002764        0x0 ../hola_mundo_bsp/\libhal_bsp.a(altera_nios2_gen2_irq.o)
 .bss           0x0000000000002764        0x0 d:/intelfpga_lite/18.1/nios2eds/bin/gnu/h-x86_64-mingw32/bin/../lib/gcc/nios2-elf/5.3.0/../../../../../H-x86_64-mingw32/nios2-elf/lib/mno-hw-mul\libsmallc.a(lib_a-strlen.o)
 *(COMMON)
 COMMON         0x0000000000002764      0x100 ../hola_mundo_bsp/\libhal_bsp.a(alt_irq_handler.o)
                0x0000000000002764                alt_irq
                0x0000000000002864                . = ALIGN (0x4)
                0x0000000000002864                __bss_end = ABSOLUTE (.)

.RAM            0x0000000000002864        0x0
                [!provide]                        PROVIDE (_alt_partition_RAM_start, ABSOLUTE (.))
 *(.RAM .RAM. RAM.*)
                0x0000000000002864                . = ALIGN (0x4)
                [!provide]                        PROVIDE (_alt_partition_RAM_end, ABSOLUTE (.))
                0x0000000000002864                _end = ABSOLUTE (.)
                0x0000000000002864                end = ABSOLUTE (.)
                0x0000000000002864                __alt_stack_base = ABSOLUTE (.)
                [!provide]                        PROVIDE (_alt_partition_RAM_load_addr, LOADADDR (.RAM))

.stab
 *(.stab)

.stabstr
 *(.stabstr)

.stab.excl
 *(.stab.excl)

.stab.exclstr
 *(.stab.exclstr)

.stab.index
 *(.stab.index)

.stab.indexstr
 *(.stab.indexstr)

.comment        0x0000000000000000       0x23
 *(.comment)
 .comment       0x0000000000000000       0x23 obj/default/hello_world_small.o
                                         0x24 (size before relaxing)
 .comment       0x0000000000000023       0x24 ../hola_mundo_bsp/\libhal_bsp.a(alt_iic.o)
 .comment       0x0000000000000023       0x24 ../hola_mundo_bsp/\libhal_bsp.a(alt_iic_isr_register.o)
 .comment       0x0000000000000023       0x24 ../hola_mundo_bsp/\libhal_bsp.a(alt_irq_handler.o)
 .comment       0x0000000000000023       0x24 ../hola_mundo_bsp/\libhal_bsp.a(alt_irq_vars.o)
 .comment       0x0000000000000023       0x24 ../hola_mundo_bsp/\libhal_bsp.a(alt_load.o)
 .comment       0x0000000000000023       0x24 ../hola_mundo_bsp/\libhal_bsp.a(alt_main.o)
 .comment       0x0000000000000023       0x24 ../hola_mundo_bsp/\libhal_bsp.a(alt_putstr.o)
 .comment       0x0000000000000023       0x24 ../hola_mundo_bsp/\libhal_bsp.a(alt_sys_init.o)
 .comment       0x0000000000000023       0x24 ../hola_mundo_bsp/\libhal_bsp.a(altera_avalon_jtag_uart_write.o)
 .comment       0x0000000000000023       0x24 ../hola_mundo_bsp/\libhal_bsp.a(alt_dcache_flush_all.o)
 .comment       0x0000000000000023       0x24 ../hola_mundo_bsp/\libhal_bsp.a(alt_icache_flush_all.o)
 .comment       0x0000000000000023       0x24 ../hola_mundo_bsp/\libhal_bsp.a(alt_instruction_exception_entry.o)
 .comment       0x0000000000000023       0x24 ../hola_mundo_bsp/\libhal_bsp.a(altera_nios2_gen2_irq.o)
 .comment       0x0000000000000023       0x24 d:/intelfpga_lite/18.1/nios2eds/bin/gnu/h-x86_64-mingw32/bin/../lib/gcc/nios2-elf/5.3.0/../../../../../H-x86_64-mingw32/nios2-elf/lib/mno-hw-mul\libsmallc.a(lib_a-strlen.o)

.debug
 *(.debug)

.line
 *(.line)

.debug_srcinfo
 *(.debug_srcinfo)

.debug_sfnames
 *(.debug_sfnames)

.debug_aranges  0x0000000000000000      0x278
 *(.debug_aranges)
 .debug_aranges
                0x0000000000000000       0x28 ../hola_mundo_bsp//obj/HAL/src/crt0.o
 .debug_aranges
                0x0000000000000028       0x28 obj/default/hello_world_small.o
 .debug_aranges
                0x0000000000000050       0x20 ../hola_mundo_bsp/\libhal_bsp.a(alt_iic.o)
 .debug_aranges
                0x0000000000000070       0x20 ../hola_mundo_bsp/\libhal_bsp.a(alt_iic_isr_register.o)
 .debug_aranges
                0x0000000000000090       0x30 ../hola_mundo_bsp/\libhal_bsp.a(alt_irq_entry.o)
 .debug_aranges
                0x00000000000000c0       0x20 ../hola_mundo_bsp/\libhal_bsp.a(alt_irq_handler.o)
 .debug_aranges
                0x00000000000000e0       0x18 ../hola_mundo_bsp/\libhal_bsp.a(alt_irq_vars.o)
 .debug_aranges
                0x00000000000000f8       0x20 ../hola_mundo_bsp/\libhal_bsp.a(alt_load.o)
 .debug_aranges
                0x0000000000000118       0x20 ../hola_mundo_bsp/\libhal_bsp.a(alt_main.o)
 .debug_aranges
                0x0000000000000138       0x20 ../hola_mundo_bsp/\libhal_bsp.a(alt_putstr.o)
 .debug_aranges
                0x0000000000000158       0x20 ../hola_mundo_bsp/\libhal_bsp.a(alt_sys_init.o)
 .debug_aranges
                0x0000000000000178       0x20 ../hola_mundo_bsp/\libhal_bsp.a(altera_avalon_jtag_uart_write.o)
 .debug_aranges
                0x0000000000000198       0x20 ../hola_mundo_bsp/\libhal_bsp.a(alt_dcache_flush_all.o)
 .debug_aranges
                0x00000000000001b8       0x38 ../hola_mundo_bsp/\libhal_bsp.a(alt_exception_entry.o)
 .debug_aranges
                0x00000000000001f0       0x20 ../hola_mundo_bsp/\libhal_bsp.a(alt_icache_flush_all.o)
 .debug_aranges
                0x0000000000000210       0x28 ../hola_mundo_bsp/\libhal_bsp.a(alt_instruction_exception_entry.o)
 .debug_aranges
                0x0000000000000238       0x20 ../hola_mundo_bsp/\libhal_bsp.a(altera_nios2_gen2_irq.o)
 .debug_aranges
                0x0000000000000258       0x20 d:/intelfpga_lite/18.1/nios2eds/bin/gnu/h-x86_64-mingw32/bin/../lib/gcc/nios2-elf/5.3.0/../../../../../H-x86_64-mingw32/nios2-elf/lib/mno-hw-mul\libsmallc.a(lib_a-strlen.o)

.debug_pubnames
 *(.debug_pubnames)

.debug_info     0x0000000000000000     0x182d
 *(.debug_info .gnu.linkonce.wi.*)
 .debug_info    0x0000000000000000       0x70 ../hola_mundo_bsp//obj/HAL/src/crt0.o
 .debug_info    0x0000000000000070      0x2f9 obj/default/hello_world_small.o
 .debug_info    0x0000000000000369      0x38a ../hola_mundo_bsp/\libhal_bsp.a(alt_iic.o)
 .debug_info    0x00000000000006f3      0x232 ../hola_mundo_bsp/\libhal_bsp.a(alt_iic_isr_register.o)
 .debug_info    0x0000000000000925       0x79 ../hola_mundo_bsp/\libhal_bsp.a(alt_irq_entry.o)
 .debug_info    0x000000000000099e      0x184 ../hola_mundo_bsp/\libhal_bsp.a(alt_irq_handler.o)
 .debug_info    0x0000000000000b22       0x88 ../hola_mundo_bsp/\libhal_bsp.a(alt_irq_vars.o)
 .debug_info    0x0000000000000baa      0x1c9 ../hola_mundo_bsp/\libhal_bsp.a(alt_load.o)
 .debug_info    0x0000000000000d73      0x169 ../hola_mundo_bsp/\libhal_bsp.a(alt_main.o)
 .debug_info    0x0000000000000edc      0x13a ../hola_mundo_bsp/\libhal_bsp.a(alt_putstr.o)
 .debug_info    0x0000000000001016      0x185 ../hola_mundo_bsp/\libhal_bsp.a(alt_sys_init.o)
 .debug_info    0x000000000000119b      0x197 ../hola_mundo_bsp/\libhal_bsp.a(altera_avalon_jtag_uart_write.o)
 .debug_info    0x0000000000001332       0x92 ../hola_mundo_bsp/\libhal_bsp.a(alt_dcache_flush_all.o)
 .debug_info    0x00000000000013c4       0x7f ../hola_mundo_bsp/\libhal_bsp.a(alt_exception_entry.o)
 .debug_info    0x0000000000001443       0x92 ../hola_mundo_bsp/\libhal_bsp.a(alt_icache_flush_all.o)
 .debug_info    0x00000000000014d5      0x1fd ../hola_mundo_bsp/\libhal_bsp.a(alt_instruction_exception_entry.o)
 .debug_info    0x00000000000016d2       0x92 ../hola_mundo_bsp/\libhal_bsp.a(altera_nios2_gen2_irq.o)
 .debug_info    0x0000000000001764       0xc9 d:/intelfpga_lite/18.1/nios2eds/bin/gnu/h-x86_64-mingw32/bin/../lib/gcc/nios2-elf/5.3.0/../../../../../H-x86_64-mingw32/nios2-elf/lib/mno-hw-mul\libsmallc.a(lib_a-strlen.o)

.debug_abbrev   0x0000000000000000      0xccd
 *(.debug_abbrev)
 .debug_abbrev  0x0000000000000000       0x12 ../hola_mundo_bsp//obj/HAL/src/crt0.o
 .debug_abbrev  0x0000000000000012      0x15a obj/default/hello_world_small.o
 .debug_abbrev  0x000000000000016c      0x1a0 ../hola_mundo_bsp/\libhal_bsp.a(alt_iic.o)
 .debug_abbrev  0x000000000000030c      0x19c ../hola_mundo_bsp/\libhal_bsp.a(alt_iic_isr_register.o)
 .debug_abbrev  0x00000000000004a8       0x12 ../hola_mundo_bsp/\libhal_bsp.a(alt_irq_entry.o)
 .debug_abbrev  0x00000000000004ba      0x120 ../hola_mundo_bsp/\libhal_bsp.a(alt_irq_handler.o)
 .debug_abbrev  0x00000000000005da       0x40 ../hola_mundo_bsp/\libhal_bsp.a(alt_irq_vars.o)
 .debug_abbrev  0x000000000000061a       0xd8 ../hola_mundo_bsp/\libhal_bsp.a(alt_load.o)
 .debug_abbrev  0x00000000000006f2       0xee ../hola_mundo_bsp/\libhal_bsp.a(alt_main.o)
 .debug_abbrev  0x00000000000007e0       0xd3 ../hola_mundo_bsp/\libhal_bsp.a(alt_putstr.o)
 .debug_abbrev  0x00000000000008b3      0x107 ../hola_mundo_bsp/\libhal_bsp.a(alt_sys_init.o)
 .debug_abbrev  0x00000000000009ba       0xd5 ../hola_mundo_bsp/\libhal_bsp.a(altera_avalon_jtag_uart_write.o)
 .debug_abbrev  0x0000000000000a8f       0x42 ../hola_mundo_bsp/\libhal_bsp.a(alt_dcache_flush_all.o)
 .debug_abbrev  0x0000000000000ad1       0x12 ../hola_mundo_bsp/\libhal_bsp.a(alt_exception_entry.o)
 .debug_abbrev  0x0000000000000ae3       0x42 ../hola_mundo_bsp/\libhal_bsp.a(alt_icache_flush_all.o)
 .debug_abbrev  0x0000000000000b25       0xe7 ../hola_mundo_bsp/\libhal_bsp.a(alt_instruction_exception_entry.o)
 .debug_abbrev  0x0000000000000c0c       0x42 ../hola_mundo_bsp/\libhal_bsp.a(altera_nios2_gen2_irq.o)
 .debug_abbrev  0x0000000000000c4e       0x7f d:/intelfpga_lite/18.1/nios2eds/bin/gnu/h-x86_64-mingw32/bin/../lib/gcc/nios2-elf/5.3.0/../../../../../H-x86_64-mingw32/nios2-elf/lib/mno-hw-mul\libsmallc.a(lib_a-strlen.o)

.debug_line     0x0000000000000000      0xc1d
 *(.debug_line)
 .debug_line    0x0000000000000000       0x66 ../hola_mundo_bsp//obj/HAL/src/crt0.o
 .debug_line    0x0000000000000066       0xe4 obj/default/hello_world_small.o
 .debug_line    0x000000000000014a       0xf1 ../hola_mundo_bsp/\libhal_bsp.a(alt_iic.o)
 .debug_line    0x000000000000023b       0xd6 ../hola_mundo_bsp/\libhal_bsp.a(alt_iic_isr_register.o)
 .debug_line    0x0000000000000311       0x6b ../hola_mundo_bsp/\libhal_bsp.a(alt_irq_entry.o)
 .debug_line    0x000000000000037c       0xa5 ../hola_mundo_bsp/\libhal_bsp.a(alt_irq_handler.o)
 .debug_line    0x0000000000000421       0x50 ../hola_mundo_bsp/\libhal_bsp.a(alt_irq_vars.o)
 .debug_line    0x0000000000000471       0xa4 ../hola_mundo_bsp/\libhal_bsp.a(alt_load.o)
 .debug_line    0x0000000000000515       0xbd ../hola_mundo_bsp/\libhal_bsp.a(alt_main.o)
 .debug_line    0x00000000000005d2       0xa0 ../hola_mundo_bsp/\libhal_bsp.a(alt_putstr.o)
 .debug_line    0x0000000000000672      0x101 ../hola_mundo_bsp/\libhal_bsp.a(alt_sys_init.o)
 .debug_line    0x0000000000000773       0xf0 ../hola_mundo_bsp/\libhal_bsp.a(altera_avalon_jtag_uart_write.o)
 .debug_line    0x0000000000000863       0x4e ../hola_mundo_bsp/\libhal_bsp.a(alt_dcache_flush_all.o)
 .debug_line    0x00000000000008b1       0xb3 ../hola_mundo_bsp/\libhal_bsp.a(alt_exception_entry.o)
 .debug_line    0x0000000000000964       0x4e ../hola_mundo_bsp/\libhal_bsp.a(alt_icache_flush_all.o)
 .debug_line    0x00000000000009b2       0xbf ../hola_mundo_bsp/\libhal_bsp.a(alt_instruction_exception_entry.o)
 .debug_line    0x0000000000000a71       0x50 ../hola_mundo_bsp/\libhal_bsp.a(altera_nios2_gen2_irq.o)
 .debug_line    0x0000000000000ac1      0x15c d:/intelfpga_lite/18.1/nios2eds/bin/gnu/h-x86_64-mingw32/bin/../lib/gcc/nios2-elf/5.3.0/../../../../../H-x86_64-mingw32/nios2-elf/lib/mno-hw-mul\libsmallc.a(lib_a-strlen.o)

.debug_frame    0x0000000000000000      0x2ec
 *(.debug_frame)
 .debug_frame   0x0000000000000000       0xa0 obj/default/hello_world_small.o
 .debug_frame   0x00000000000000a0       0x50 ../hola_mundo_bsp/\libhal_bsp.a(alt_iic.o)
 .debug_frame   0x00000000000000f0       0x30 ../hola_mundo_bsp/\libhal_bsp.a(alt_iic_isr_register.o)
 .debug_frame   0x0000000000000120       0x34 ../hola_mundo_bsp/\libhal_bsp.a(alt_irq_handler.o)
 .debug_frame   0x0000000000000154       0x30 ../hola_mundo_bsp/\libhal_bsp.a(alt_load.o)
 .debug_frame   0x0000000000000184       0x2c ../hola_mundo_bsp/\libhal_bsp.a(alt_main.o)
 .debug_frame   0x00000000000001b0       0x30 ../hola_mundo_bsp/\libhal_bsp.a(alt_putstr.o)
 .debug_frame   0x00000000000001e0       0x3c ../hola_mundo_bsp/\libhal_bsp.a(alt_sys_init.o)
 .debug_frame   0x000000000000021c       0x20 ../hola_mundo_bsp/\libhal_bsp.a(altera_avalon_jtag_uart_write.o)
 .debug_frame   0x000000000000023c       0x20 ../hola_mundo_bsp/\libhal_bsp.a(alt_dcache_flush_all.o)
 .debug_frame   0x000000000000025c       0x20 ../hola_mundo_bsp/\libhal_bsp.a(alt_icache_flush_all.o)
 .debug_frame   0x000000000000027c       0x30 ../hola_mundo_bsp/\libhal_bsp.a(alt_instruction_exception_entry.o)
 .debug_frame   0x00000000000002ac       0x20 ../hola_mundo_bsp/\libhal_bsp.a(altera_nios2_gen2_irq.o)
 .debug_frame   0x00000000000002cc       0x20 d:/intelfpga_lite/18.1/nios2eds/bin/gnu/h-x86_64-mingw32/bin/../lib/gcc/nios2-elf/5.3.0/../../../../../H-x86_64-mingw32/nios2-elf/lib/mno-hw-mul\libsmallc.a(lib_a-strlen.o)

.debug_str      0x0000000000000000      0xc2a
 *(.debug_str)
 .debug_str     0x0000000000000000      0x180 obj/default/hello_world_small.o
                                        0x1cb (size before relaxing)
 .debug_str     0x0000000000000180      0x146 ../hola_mundo_bsp/\libhal_bsp.a(alt_iic.o)
                                        0x255 (size before relaxing)
 .debug_str     0x00000000000002c6       0x37 ../hola_mundo_bsp/\libhal_bsp.a(alt_iic_isr_register.o)
                                        0x20f (size before relaxing)
 .debug_str     0x00000000000002fd       0x3a ../hola_mundo_bsp/\libhal_bsp.a(alt_irq_handler.o)
                                        0x199 (size before relaxing)
 .debug_str     0x0000000000000337       0x17 ../hola_mundo_bsp/\libhal_bsp.a(alt_irq_vars.o)
                                        0x13c (size before relaxing)
 .debug_str     0x000000000000034e      0x113 ../hola_mundo_bsp/\libhal_bsp.a(alt_load.o)
                                        0x23e (size before relaxing)
 .debug_str     0x0000000000000461       0x8f ../hola_mundo_bsp/\libhal_bsp.a(alt_main.o)
                                        0x1b7 (size before relaxing)
 .debug_str     0x00000000000004f0       0x5f ../hola_mundo_bsp/\libhal_bsp.a(alt_putstr.o)
                                        0x18d (size before relaxing)
 .debug_str     0x000000000000054f       0x86 ../hola_mundo_bsp/\libhal_bsp.a(alt_sys_init.o)
                                        0x221 (size before relaxing)
 .debug_str     0x00000000000005d5       0x32 ../hola_mundo_bsp/\libhal_bsp.a(altera_avalon_jtag_uart_write.o)
                                        0x217 (size before relaxing)
 .debug_str     0x0000000000000607       0x1f ../hola_mundo_bsp/\libhal_bsp.a(alt_dcache_flush_all.o)
                                        0x157 (size before relaxing)
 .debug_str     0x0000000000000626       0x1f ../hola_mundo_bsp/\libhal_bsp.a(alt_icache_flush_all.o)
                                        0x157 (size before relaxing)
 .debug_str     0x0000000000000645      0x48b ../hola_mundo_bsp/\libhal_bsp.a(alt_instruction_exception_entry.o)
                                        0x5a2 (size before relaxing)
 .debug_str     0x0000000000000ad0       0x20 ../hola_mundo_bsp/\libhal_bsp.a(altera_nios2_gen2_irq.o)
                                        0x15e (size before relaxing)
 .debug_str     0x0000000000000af0      0x13a d:/intelfpga_lite/18.1/nios2eds/bin/gnu/h-x86_64-mingw32/bin/../lib/gcc/nios2-elf/5.3.0/../../../../../H-x86_64-mingw32/nios2-elf/lib/mno-hw-mul\libsmallc.a(lib_a-strlen.o)
                                        0x1e5 (size before relaxing)

.debug_loc      0x0000000000000000      0x5c3
 *(.debug_loc)
 .debug_loc     0x0000000000000000       0xe8 obj/default/hello_world_small.o
 .debug_loc     0x00000000000000e8      0x170 ../hola_mundo_bsp/\libhal_bsp.a(alt_iic.o)
 .debug_loc     0x0000000000000258      0x193 ../hola_mundo_bsp/\libhal_bsp.a(alt_iic_isr_register.o)
 .debug_loc     0x00000000000003eb       0x72 ../hola_mundo_bsp/\libhal_bsp.a(alt_irq_handler.o)
 .debug_loc     0x000000000000045d       0x37 ../hola_mundo_bsp/\libhal_bsp.a(alt_putstr.o)
 .debug_loc     0x0000000000000494       0x21 ../hola_mundo_bsp/\libhal_bsp.a(alt_sys_init.o)
 .debug_loc     0x00000000000004b5       0x8b ../hola_mundo_bsp/\libhal_bsp.a(altera_avalon_jtag_uart_write.o)
 .debug_loc     0x0000000000000540       0x65 ../hola_mundo_bsp/\libhal_bsp.a(alt_instruction_exception_entry.o)
 .debug_loc     0x00000000000005a5       0x1e d:/intelfpga_lite/18.1/nios2eds/bin/gnu/h-x86_64-mingw32/bin/../lib/gcc/nios2-elf/5.3.0/../../../../../H-x86_64-mingw32/nios2-elf/lib/mno-hw-mul\libsmallc.a(lib_a-strlen.o)

.debug_macinfo
 *(.debug_macinfo)

.debug_weaknames
 *(.debug_weaknames)

.debug_funcnames
 *(.debug_funcnames)

.debug_typenames
 *(.debug_typenames)

.debug_varnames
 *(.debug_varnames)

.debug_alt_sim_info
                0x0000000000000000       0x10
 *(.debug_alt_sim_info)
 .debug_alt_sim_info
                0x0000000000000000       0x10 ../hola_mundo_bsp//obj/HAL/src/crt0.o
                0x0000000000004000                __alt_data_end = 0x4000
                0x0000000000004000                PROVIDE (__alt_stack_pointer, __alt_data_end)
                [!provide]                        PROVIDE (__alt_stack_limit, __alt_stack_base)
                [!provide]                        PROVIDE (__alt_heap_start, end)
                [!provide]                        PROVIDE (__alt_heap_limit, 0x4000)
OUTPUT(hola_mundo.elf elf32-littlenios2)

.debug_ranges   0x0000000000000000      0x110
 .debug_ranges  0x0000000000000000       0x20 ../hola_mundo_bsp//obj/HAL/src/crt0.o
 .debug_ranges  0x0000000000000020       0x18 obj/default/hello_world_small.o
 .debug_ranges  0x0000000000000038       0x28 ../hola_mundo_bsp/\libhal_bsp.a(alt_irq_entry.o)
 .debug_ranges  0x0000000000000060       0x10 ../hola_mundo_bsp/\libhal_bsp.a(alt_irq_handler.o)
 .debug_ranges  0x0000000000000070       0x48 ../hola_mundo_bsp/\libhal_bsp.a(alt_load.o)
 .debug_ranges  0x00000000000000b8       0x30 ../hola_mundo_bsp/\libhal_bsp.a(alt_exception_entry.o)
 .debug_ranges  0x00000000000000e8       0x18 ../hola_mundo_bsp/\libhal_bsp.a(alt_instruction_exception_entry.o)
 .debug_ranges  0x0000000000000100       0x10 d:/intelfpga_lite/18.1/nios2eds/bin/gnu/h-x86_64-mingw32/bin/../lib/gcc/nios2-elf/5.3.0/../../../../../H-x86_64-mingw32/nios2-elf/lib/mno-hw-mul\libsmallc.a(lib_a-strlen.o)
